Component: ARM Compiler 6.9 Tool: armlink [5ced1b00]

==============================================================================

Section Cross References

    startup_stm32f401xe.o(STACK) refers (Special) to heapauxi.o(.text) for __use_two_region_memory
    startup_stm32f401xe.o(HEAP) refers (Special) to heapauxi.o(.text) for __use_two_region_memory
    startup_stm32f401xe.o(RESET) refers (Special) to heapauxi.o(.text) for __use_two_region_memory
    startup_stm32f401xe.o(RESET) refers to startup_stm32f401xe.o(STACK) for __initial_sp
    startup_stm32f401xe.o(RESET) refers to startup_stm32f401xe.o(.text) for Reset_Handler
    startup_stm32f401xe.o(RESET) refers to stm32f4xx_it.o(.text.NMI_Handler) for NMI_Handler
    startup_stm32f401xe.o(RESET) refers to stm32f4xx_it.o(.text.HardFault_Handler) for HardFault_Handler
    startup_stm32f401xe.o(RESET) refers to stm32f4xx_it.o(.text.MemManage_Handler) for MemManage_Handler
    startup_stm32f401xe.o(RESET) refers to stm32f4xx_it.o(.text.BusFault_Handler) for BusFault_Handler
    startup_stm32f401xe.o(RESET) refers to stm32f4xx_it.o(.text.UsageFault_Handler) for UsageFault_Handler
    startup_stm32f401xe.o(RESET) refers to stm32f4xx_it.o(.text.SVC_Handler) for SVC_Handler
    startup_stm32f401xe.o(RESET) refers to stm32f4xx_it.o(.text.DebugMon_Handler) for DebugMon_Handler
    startup_stm32f401xe.o(RESET) refers to stm32f4xx_it.o(.text.PendSV_Handler) for PendSV_Handler
    startup_stm32f401xe.o(RESET) refers to stm32f4xx_it.o(.text.SysTick_Handler) for SysTick_Handler
    startup_stm32f401xe.o(.text) refers (Special) to heapauxi.o(.text) for __use_two_region_memory
    startup_stm32f401xe.o(.text) refers to system_stm32f4xx.o(.text.SystemInit) for SystemInit
    startup_stm32f401xe.o(.text) refers to __main.o(!!!main) for __main
    startup_stm32f401xe.o(.text) refers to startup_stm32f401xe.o(HEAP) for Heap_Mem
    startup_stm32f401xe.o(.text) refers to startup_stm32f401xe.o(STACK) for Stack_Mem
    main.o(.text) refers (Special) to _printf_f.o(.ARM.Collect$$_printf_percent$$00000003) for _printf_f
    main.o(.text) refers (Special) to printf1.o(x$fpl$printf1) for _printf_fp_dec
    main.o(.text) refers (Special) to _printf_dec.o(.text) for _printf_int_dec
    main.o(.text) refers (Special) to _printf_percent.o(.ARM.Collect$$_printf_percent$$00000000) for _printf_percent
    main.o(.text) refers (Special) to _printf_u.o(.ARM.Collect$$_printf_percent$$0000000A) for _printf_u
    main.o(.text.segment) refers (Special) to _printf_f.o(.ARM.Collect$$_printf_percent$$00000003) for _printf_f
    main.o(.text.segment) refers (Special) to printf1.o(x$fpl$printf1) for _printf_fp_dec
    main.o(.text.segment) refers (Special) to _printf_dec.o(.text) for _printf_int_dec
    main.o(.text.segment) refers (Special) to _printf_percent.o(.ARM.Collect$$_printf_percent$$00000000) for _printf_percent
    main.o(.text.segment) refers (Special) to _printf_u.o(.ARM.Collect$$_printf_percent$$0000000A) for _printf_u
    main.o(.ARM.exidx.text.segment) refers (Special) to _printf_f.o(.ARM.Collect$$_printf_percent$$00000003) for _printf_f
    main.o(.ARM.exidx.text.segment) refers (Special) to printf1.o(x$fpl$printf1) for _printf_fp_dec
    main.o(.ARM.exidx.text.segment) refers (Special) to _printf_dec.o(.text) for _printf_int_dec
    main.o(.ARM.exidx.text.segment) refers (Special) to _printf_percent.o(.ARM.Collect$$_printf_percent$$00000000) for _printf_percent
    main.o(.ARM.exidx.text.segment) refers (Special) to _printf_u.o(.ARM.Collect$$_printf_percent$$0000000A) for _printf_u
    main.o(.ARM.exidx.text.segment) refers to main.o(.text.segment) for [Anonymous Symbol]
    main.o(.text.Read_ADC_OSC) refers (Special) to _printf_f.o(.ARM.Collect$$_printf_percent$$00000003) for _printf_f
    main.o(.text.Read_ADC_OSC) refers (Special) to printf1.o(x$fpl$printf1) for _printf_fp_dec
    main.o(.text.Read_ADC_OSC) refers (Special) to _printf_dec.o(.text) for _printf_int_dec
    main.o(.text.Read_ADC_OSC) refers (Special) to _printf_percent.o(.ARM.Collect$$_printf_percent$$00000000) for _printf_percent
    main.o(.text.Read_ADC_OSC) refers (Special) to _printf_u.o(.ARM.Collect$$_printf_percent$$0000000A) for _printf_u
    main.o(.text.Read_ADC_OSC) refers to stm32f4xx_hal_adc.o(.text.HAL_ADC_Start) for HAL_ADC_Start
    main.o(.text.Read_ADC_OSC) refers to stm32f4xx_hal_adc.o(.text.HAL_ADC_PollForConversion) for HAL_ADC_PollForConversion
    main.o(.text.Read_ADC_OSC) refers to stm32f4xx_hal_adc.o(.text.HAL_ADC_GetValue) for HAL_ADC_GetValue
    main.o(.text.Read_ADC_OSC) refers to stm32f4xx_hal_adc.o(.text.HAL_ADC_Stop) for HAL_ADC_Stop
    main.o(.text.Read_ADC_OSC) refers to main.o(.bss..L_MergedGlobals.8) for [Anonymous Symbol]
    main.o(.ARM.exidx.text.Read_ADC_OSC) refers (Special) to _printf_f.o(.ARM.Collect$$_printf_percent$$00000003) for _printf_f
    main.o(.ARM.exidx.text.Read_ADC_OSC) refers (Special) to printf1.o(x$fpl$printf1) for _printf_fp_dec
[...]
    Removing system_stm32f4xx.o(.ARM.exidx.text.SystemInit), (8 bytes).
    Removing system_stm32f4xx.o(.text.SystemCoreClockUpdate), (116 bytes).
    Removing system_stm32f4xx.o(.ARM.exidx.text.SystemCoreClockUpdate), (8 bytes).

543 unused section(s) (total 18728 bytes) removed from the image.

==============================================================================

Image Symbol Table

    Local Symbols

    Symbol Name                              Value     Ov Type        Size  Object(Section)

    ../clib/angel/boardlib.s                 0x00000000   Number         0  boardinit3.o ABSOLUTE
    ../clib/angel/boardlib.s                 0x00000000   Number         0  boardinit2.o ABSOLUTE
    ../clib/angel/boardlib.s                 0x00000000   Number         0  boardinit1.o ABSOLUTE
    ../clib/angel/boardlib.s                 0x00000000   Number         0  boardshut.o ABSOLUTE
    ../clib/angel/handlers.s                 0x00000000   Number         0  __scatter_copy.o ABSOLUTE
    ../clib/angel/handlers.s                 0x00000000   Number         0  __scatter_zi.o ABSOLUTE
    ../clib/angel/kernel.s                   0x00000000   Number         0  rtexit.o ABSOLUTE
    ../clib/angel/kernel.s                   0x00000000   Number         0  rtexit2.o ABSOLUTE
    ../clib/angel/kernel.s                   0x00000000   Number         0  __rtentry2.o ABSOLUTE
    ../clib/angel/kernel.s                   0x00000000   Number         0  __rtentry4.o ABSOLUTE
    ../clib/angel/kernel.s                   0x00000000   Number         0  __rtentry.o ABSOLUTE
    ../clib/angel/rt.s                       0x00000000   Number         0  aeabi_ldiv0.o ABSOLUTE
    ../clib/angel/rt.s                       0x00000000   Number         0  aeabi_ldiv0_sigfpe.o ABSOLUTE
    ../clib/angel/rt.s                       0x00000000   Number         0  rt_raise.o ABSOLUTE
    ../clib/angel/rt.s                       0x00000000   Number         0  rt_locale_intlibspace.o ABSOLUTE
    ../clib/angel/rt.s                       0x00000000   Number         0  rt_locale.o ABSOLUTE
    ../clib/angel/rt.s                       0x00000000   Number         0  rt_div0.o ABSOLUTE
    ../clib/angel/scatter.s                  0x00000000   Number         0  __scatter.o ABSOLUTE
    ../clib/angel/startup.s                  0x00000000   Number         0  __main.o ABSOLUTE
    ../clib/angel/sys.s                      0x00000000   Number         0  use_no_semi.o ABSOLUTE
    ../clib/angel/sys.s                      0x00000000   Number         0  indicate_semi.o ABSOLUTE
    ../clib/angel/sys.s                      0x00000000   Number         0  sys_stackheap_outer.o ABSOLUTE
    ../clib/angel/sys.s                      0x00000000   Number         0  libspace.o ABSOLUTE
    ../clib/angel/sysapp.c                   0x00000000   Number         0  sys_exit.o ABSOLUTE
    ../clib/angel/sysapp.c                   0x00000000   Number         0  sys_command.o ABSOLUTE
    ../clib/angel/sysapp.c                   0x00000000   Number         0  sys_wrch_hlt.o ABSOLUTE
    ../clib/angel/sysapp.c                   0x00000000   Number         0  sys_command_hlt.o ABSOLUTE
    ../clib/angel/sysapp.c                   0x00000000   Number         0  sys_wrch.o ABSOLUTE
    ../clib/angel/sysapp.c                   0x00000000   Number         0  sys_exit_hlt.o ABSOLUTE
    ../clib/armsys.c                         0x00000000   Number         0  _get_argv_nomalloc.o ABSOLUTE
    ../clib/armsys.c                         0x00000000   Number         0  argv_veneer.o ABSOLUTE
    ../clib/armsys.c                         0x00000000   Number         0  argv_veneer.o ABSOLUTE
    ../clib/armsys.c                         0x00000000   Number         0  no_argv.o ABSOLUTE
    ../clib/bigflt.c                         0x00000000   Number         0  bigflt0.o ABSOLUTE
    ../clib/btod.s                           0x00000000   Number         0  btod.o ABSOLUTE
    ../clib/btod_accurate.c                  0x00000000   Number         0  btod_accurate_common.o ABSOLUTE
    ../clib/btod_accurate.c                  0x00000000   Number         0  btod_accurate.o ABSOLUTE
    ../clib/heapalloc.c                      0x00000000   Number         0  hrguard.o ABSOLUTE
    ../clib/heapaux.c                        0x00000000   Number         0  heapauxi.o ABSOLUTE
    ../clib/libinit.s                        0x00000000   Number         0  libshutdown2.o ABSOLUTE
    ../clib/libinit.s                        0x00000000   Number         0  libshutdown.o ABSOLUTE
    ../clib/libinit.s                        0x00000000   Number         0  libinit2.o ABSOLUTE
    ../clib/libinit.s                        0x00000000   Number         0  libinit.o ABSOLUTE
    ../clib/locale.s                         0x00000000   Number         0  lc_numeric_c.o ABSOLUTE
    ../clib/longlong.s                       0x00000000   Number         0  llushr.o ABSOLUTE
    ../clib/longlong.s                       0x00000000   Number         0  lludivv7m.o ABSOLUTE
    ../clib/longlong.s                       0x00000000   Number         0  lludiv10.o ABSOLUTE
    ../clib/memcpset.s                       0x00000000   Number         0  strcmpv7em.o ABSOLUTE
    ../clib/memcpset.s                       0x00000000   Number         0  rt_memclr_w.o ABSOLUTE
    ../clib/printf.c                         0x00000000   Number         0  __printf_flags_wp.o ABSOLUTE
    ../clib/printf.c                         0x00000000   Number         0  _sputc.o ABSOLUTE
    ../clib/printf.c                         0x00000000   Number         0  _printf_char_common.o ABSOLUTE
    ../clib/printf.c                         0x00000000   Number         0  _printf_fp_dec_accurate.o ABSOLUTE
    ../clib/printf.c                         0x00000000   Number         0  _printf_fp_dec.o ABSOLUTE
    ../clib/printf.c                         0x00000000   Number         0  _printf_intcommon.o ABSOLUTE
    ../clib/printf.c                         0x00000000   Number         0  __printf_wp.o ABSOLUTE
    ../clib/printf.c                         0x00000000   Number         0  __printf_flags_ss.o ABSOLUTE
    ../clib/printf.c                         0x00000000   Number         0  __printf_ss.o ABSOLUTE
    ../clib/printf.c                         0x00000000   Number         0  __printf_nopercent.o ABSOLUTE
    ../clib/printf.c                         0x00000000   Number         0  _printf_fp_infnan.o ABSOLUTE
    ../clib/printf.c                         0x00000000   Number         0  __printf_flags_ss_wp.o ABSOLUTE
    ../clib/printf.c                         0x00000000   Number         0  __printf_flags.o ABSOLUTE
    ../clib/printf.c                         0x00000000   Number         0  __printf_ss_wp.o ABSOLUTE
    ../clib/printf.c                         0x00000000   Number         0  _printf_dec.o ABSOLUTE
    ../clib/printf.c                         0x00000000   Number         0  __printf.o ABSOLUTE
    ../clib/printf.c                         0x00000000   Number         0  noretval__2sprintf.o ABSOLUTE
    ../clib/printf.c                         0x00000000   Number         0  __2sprintf.o ABSOLUTE
    ../clib/printf_percent.s                 0x00000000   Number         0  _printf_percent_end.o ABSOLUTE
    ../clib/printf_percent.s                 0x00000000   Number         0  _printf_f.o ABSOLUTE
    ../clib/printf_percent.s                 0x00000000   Number         0  _printf_percent.o ABSOLUTE
    ../clib/printf_percent.s                 0x00000000   Number         0  _printf_u.o ABSOLUTE
    ../clib/signal.c                         0x00000000   Number         0  __raise.o ABSOLUTE
    ../clib/signal.c                         0x00000000   Number         0  defsig_pvfn_inner.o ABSOLUTE
    ../clib/signal.c                         0x00000000   Number         0  defsig_fpe_inner.o ABSOLUTE
    ../clib/signal.c                         0x00000000   Number         0  defsig_exit.o ABSOLUTE
    ../clib/signal.c                         0x00000000   Number         0  defsig_fpe_outer.o ABSOLUTE
    ../clib/signal.c                         0x00000000   Number         0  defsig_stak_inner.o ABSOLUTE
    ../clib/signal.c                         0x00000000   Number         0  defsig_rtmem_inner.o ABSOLUTE
    ../clib/signal.c                         0x00000000   Number         0  defsig_abrt_inner.o ABSOLUTE
    ../clib/signal.c                         0x00000000   Number         0  defsig_general.o ABSOLUTE
    ../clib/signal.c                         0x00000000   Number         0  defsig_rtmem_formal.o ABSOLUTE
    ../clib/signal.c                         0x00000000   Number         0  defsig_rtmem_outer.o ABSOLUTE
    ../clib/signal.c                         0x00000000   Number         0  defsig_fpe_formal.o ABSOLUTE
    ../clib/signal.c                         0x00000000   Number         0  defsig_rtred_inner.o ABSOLUTE
    ../clib/signal.c                         0x00000000   Number         0  defsig_other.o ABSOLUTE
    ../clib/signal.c                         0x00000000   Number         0  defsig_segv_inner.o ABSOLUTE
    ../clib/signal.c                         0x00000000   Number         0  defsig_cppl_inner.o ABSOLUTE
    ../clib/signal.s                         0x00000000   Number         0  defsig.o ABSOLUTE
    ../clib/stdlib.c                         0x00000000   Number         0  exit.o ABSOLUTE
    ../clib/string.c                         0x00000000   Number         0  strlen.o ABSOLUTE
    ../fplib/d2f.s                           0x00000000   Number         0  d2f.o ABSOLUTE
    ../fplib/daddsub.s                       0x00000000   Number         0  daddsub_clz.o ABSOLUTE
    ../fplib/ddiv.s                          0x00000000   Number         0  ddiv.o ABSOLUTE
    ../fplib/dmul.s                          0x00000000   Number         0  dmul.o ABSOLUTE
    ../fplib/dnaninf.s                       0x00000000   Number         0  dnaninf.o ABSOLUTE
    ../fplib/dretinf.s                       0x00000000   Number         0  dretinf.o ABSOLUTE
    ../fplib/f2d.s                           0x00000000   Number         0  f2d.o ABSOLUTE
    ../fplib/fnaninf.s                       0x00000000   Number         0  fnaninf.o ABSOLUTE
    ../fplib/fpinit.s                        0x00000000   Number         0  fpinit.o ABSOLUTE
    ../fplib/fretinf.s                       0x00000000   Number         0  fretinf.o ABSOLUTE
    ../fplib/istatus.s                       0x00000000   Number         0  istatus.o ABSOLUTE
    ../fplib/printf1.s                       0x00000000   Number         0  printf1.o ABSOLUTE
    ../fplib/usenofp.s                       0x00000000   Number         0  usenofp.o ABSOLUTE
    ../mathlib/fpclassify.c                  0x00000000   Number         0  fpclassify.o ABSOLUTE
    dc.s                                     0x00000000   Number         0  dc.o ABSOLUTE
    main.c                                   0x00000000   Number         0  main.o ABSOLUTE
    startup_stm32f401xe.s                    0x00000000   Number         0  startup_stm32f401xe.o ABSOLUTE
    stm32f4xx_hal.c                          0x00000000   Number         0  stm32f4xx_hal.o ABSOLUTE
    stm32f4xx_hal_adc.c                      0x00000000   Number         0  stm32f4xx_hal_adc.o ABSOLUTE
    stm32f4xx_hal_adc_ex.c                   0x00000000   Number         0  stm32f4xx_hal_adc_ex.o ABSOLUTE
    stm32f4xx_hal_cortex.c                   0x00000000   Number         0  stm32f4xx_hal_cortex.o ABSOLUTE
    stm32f4xx_hal_dma.c                      0x00000000   Number         0  stm32f4xx_hal_dma.o ABSOLUTE
    stm32f4xx_hal_dma_ex.c                   0x00000000   Number         0  stm32f4xx_hal_dma_ex.o ABSOLUTE
    stm32f4xx_hal_exti.c                     0x00000000   Number         0  stm32f4xx_hal_exti.o ABSOLUTE
    stm32f4xx_hal_flash.c                    0x00000000   Number         0  stm32f4xx_hal_flash.o ABSOLUTE
    stm32f4xx_hal_flash_ex.c                 0x00000000   Number         0  stm32f4xx_hal_flash_ex.o ABSOLUTE
    stm32f4xx_hal_flash_ramfunc.c            0x00000000   Number         0  stm32f4xx_hal_flash_ramfunc.o ABSOLUTE
    stm32f4xx_hal_gpio.c                     0x00000000   Number         0  stm32f4xx_hal_gpio.o ABSOLUTE
    stm32f4xx_hal_msp.c                      0x00000000   Number         0  stm32f4xx_hal_msp.o ABSOLUTE
    stm32f4xx_hal_pwr.c                      0x00000000   Number         0  stm32f4xx_hal_pwr.o ABSOLUTE
    stm32f4xx_hal_pwr_ex.c                   0x00000000   Number         0  stm32f4xx_hal_pwr_ex.o ABSOLUTE
    stm32f4xx_hal_rcc.c                      0x00000000   Number         0  stm32f4xx_hal_rcc.o ABSOLUTE
    stm32f4xx_hal_rcc_ex.c                   0x00000000   Number         0  stm32f4xx_hal_rcc_ex.o ABSOLUTE
    stm32f4xx_hal_tim.c                      0x00000000   Number         0  stm32f4xx_hal_tim.o ABSOLUTE
    stm32f4xx_hal_tim_ex.c                   0x00000000   Number         0  stm32f4xx_hal_tim_ex.o ABSOLUTE
    stm32f4xx_hal_uart.c                     0x00000000   Number         0  stm32f4xx_hal_uart.o ABSOLUTE
    stm32f4xx_it.c                           0x00000000   Number         0  stm32f4xx_it.o ABSOLUTE
    stm32f4xx_ll_adc.c                       0x00000000   Number         0  stm32f4xx_ll_adc.o ABSOLUTE
    system_stm32f4xx.c                       0x00000000   Number         0  system_stm32f4xx.o ABSOLUTE
    RESET                                    0x08000000   Section      404  startup_stm32f401xe.o(RESET)
    !!!main                                  0x08000194   Section        8  __main.o(!!!main)
    !!!scatter                               0x0800019c   Section       52  __scatter.o(!!!scatter)
    !!handler_copy                           0x080001d0   Section       26  __scatter_copy.o(!!handler_copy)
    !!handler_zi                             0x080001ec   Section       28  __scatter_zi.o(!!handler_zi)
    .ARM.Collect$$_printf_percent$$00000000  0x08000208   Section        0  _printf_percent.o(.ARM.Collect$$_printf_percent$$00000000)
    .ARM.Collect$$_printf_percent$$00000003  0x08000208   Section        6  _printf_f.o(.ARM.Collect$$_printf_percent$$00000003)
    .ARM.Collect$$_printf_percent$$0000000A  0x0800020e   Section        6  _printf_u.o(.ARM.Collect$$_printf_percent$$0000000A)
    .ARM.Collect$$_printf_percent$$00000017  0x08000214   Section        4  _printf_percent_end.o(.ARM.Collect$$_printf_percent$$00000017)
    .ARM.Collect$$libinit$$00000000          0x08000218   Section        2  libinit.o(.ARM.Collect$$libinit$$00000000)
    .ARM.Collect$$libinit$$00000001          0x0800021a   Section        4  libinit2.o(.ARM.Collect$$libinit$$00000001)
    .ARM.Collect$$libinit$$00000004          0x0800021e   Section        0  libinit2.o(.ARM.Collect$$libinit$$00000004)
    .ARM.Collect$$libinit$$0000000A          0x0800021e   Section        0  libinit2.o(.ARM.Collect$$libinit$$0000000A)
    .ARM.Collect$$libinit$$0000000C          0x0800021e   Section        0  libinit2.o(.ARM.Collect$$libinit$$0000000C)
    .ARM.Collect$$libinit$$0000000E          0x0800021e   Section        0  libinit2.o(.ARM.Collect$$libinit$$0000000E)
    .ARM.Collect$$libinit$$0000000F          0x0800021e   Section        6  libinit2.o(.ARM.Collect$$libinit$$0000000F)
    .ARM.Collect$$libinit$$00000011          0x08000224   Section        0  libinit2.o(.ARM.Collect$$libinit$$00000011)
    .ARM.Collect$$libinit$$00000013          0x08000224   Section        0  libinit2.o(.ARM.Collect$$libinit$$00000013)
    .ARM.Collect$$libinit$$00000015          0x08000224   Section        0  libinit2.o(.ARM.Collect$$libinit$$00000015)
    .ARM.Collect$$libinit$$00000016          0x08000224   Section       10  libinit2.o(.ARM.Collect$$libinit$$00000016)
    .ARM.Collect$$libinit$$00000017          0x0800022e   Section        0  libinit2.o(.ARM.Collect$$libinit$$00000017)
    .ARM.Collect$$libinit$$00000019          0x0800022e   Section        0  libinit2.o(.ARM.Collect$$libinit$$00000019)
    .ARM.Collect$$libinit$$0000001B          0x0800022e   Section        0  libinit2.o(.ARM.Collect$$libinit$$0000001B)
    .ARM.Collect$$libinit$$0000001D          0x0800022e   Section        0  libinit2.o(.ARM.Collect$$libinit$$0000001D)
    .ARM.Collect$$libinit$$0000001F          0x0800022e   Section        0  libinit2.o(.ARM.Collect$$libinit$$0000001F)
    .ARM.Collect$$libinit$$00000021          0x0800022e   Section        0  libinit2.o(.ARM.Collect$$libinit$$00000021)
    .ARM.Collect$$libinit$$00000023          0x0800022e   Section        0  libinit2.o(.ARM.Collect$$libinit$$00000023)
    .ARM.Collect$$libinit$$00000025          0x0800022e   Section        0  libinit2.o(.ARM.Collect$$libinit$$00000025)
    .ARM.Collect$$libinit$$0000002C          0x0800022e   Section        0  libinit2.o(.ARM.Collect$$libinit$$0000002C)
    .ARM.Collect$$libinit$$0000002E          0x0800022e   Section        0  libinit2.o(.ARM.Collect$$libinit$$0000002E)
    .ARM.Collect$$libinit$$00000030          0x0800022e   Section        0  libinit2.o(.ARM.Collect$$libinit$$00000030)
    .ARM.Collect$$libinit$$00000032          0x0800022e   Section        0  libinit2.o(.ARM.Collect$$libinit$$00000032)
    .ARM.Collect$$libinit$$00000033          0x0800022e   Section        2  libinit2.o(.ARM.Collect$$libinit$$00000033)
    .ARM.Collect$$libshutdown$$00000000      0x08000230   Section        2  libshutdown.o(.ARM.Collect$$libshutdown$$00000000)
    .ARM.Collect$$libshutdown$$00000002      0x08000232   Section        0  libshutdown2.o(.ARM.Collect$$libshutdown$$00000002)
    .ARM.Collect$$libshutdown$$00000004      0x08000232   Section        0  libshutdown2.o(.ARM.Collect$$libshutdown$$00000004)
    .ARM.Collect$$libshutdown$$00000007      0x08000232   Section        0  libshutdown2.o(.ARM.Collect$$libshutdown$$00000007)
    .ARM.Collect$$libshutdown$$0000000A      0x08000232   Section        0  libshutdown2.o(.ARM.Collect$$libshutdown$$0000000A)
    .ARM.Collect$$libshutdown$$0000000C      0x08000232   Section        0  libshutdown2.o(.ARM.Collect$$libshutdown$$0000000C)
    .ARM.Collect$$libshutdown$$0000000F      0x08000232   Section        0  libshutdown2.o(.ARM.Collect$$libshutdown$$0000000F)
    .ARM.Collect$$libshutdown$$00000010      0x08000232   Section        2  libshutdown2.o(.ARM.Collect$$libshutdown$$00000010)
    .ARM.Collect$$rtentry$$00000000          0x08000234   Section        0  __rtentry.o(.ARM.Collect$$rtentry$$00000000)
    .ARM.Collect$$rtentry$$00000002          0x08000234   Section        0  __rtentry2.o(.ARM.Collect$$rtentry$$00000002)
    .ARM.Collect$$rtentry$$00000004          0x08000234   Section        6  __rtentry4.o(.ARM.Collect$$rtentry$$00000004)
    .ARM.Collect$$rtentry$$00000009          0x0800023a   Section        0  __rtentry2.o(.ARM.Collect$$rtentry$$00000009)
    .ARM.Collect$$rtentry$$0000000A          0x0800023a   Section        4  __rtentry2.o(.ARM.Collect$$rtentry$$0000000A)
    .ARM.Collect$$rtentry$$0000000C          0x0800023e   Section        0  __rtentry2.o(.ARM.Collect$$rtentry$$0000000C)
    .ARM.Collect$$rtentry$$0000000D          0x0800023e   Section        8  __rtentry2.o(.ARM.Collect$$rtentry$$0000000D)
    .ARM.Collect$$rtexit$$00000000           0x08000246   Section        2  rtexit.o(.ARM.Collect$$rtexit$$00000000)
    .ARM.Collect$$rtexit$$00000002           0x08000248   Section        0  rtexit2.o(.ARM.Collect$$rtexit$$00000002)
    .ARM.Collect$$rtexit$$00000003           0x08000248   Section        4  rtexit2.o(.ARM.Collect$$rtexit$$00000003)
    .ARM.Collect$$rtexit$$00000004           0x0800024c   Section        6  rtexit2.o(.ARM.Collect$$rtexit$$00000004)
    .text                                    0x08000254   Section       64  startup_stm32f401xe.o(.text)
    $v0                                      0x08000254   Number         0  startup_stm32f401xe.o(.text)
    .text                                    0x08000294   Section      238  lludivv7m.o(.text)
    .text                                    0x08000384   Section        0  noretval__2sprintf.o(.text)
    .text                                    0x080003ac   Section        0  __printf.o(.text)
    .text                                    0x08000414   Section        0  _printf_dec.o(.text)
    .text                                    0x0800048c   Section        0  strlen.o(.text)
    .text                                    0x080004ca   Section       78  rt_memclr_w.o(.text)
    .text                                    0x08000518   Section        0  heapauxi.o(.text)
    .text                                    0x0800051e   Section        0  _printf_intcommon.o(.text)
    .text                                    0x080005d0   Section        0  _printf_fp_dec.o(.text)
    _fp_digits                               0x080005d1   Thumb Code   432  _printf_fp_dec.o(.text)
    .text                                    0x080009ec   Section        0  _printf_char_common.o(.text)
    _printf_input_char                       0x080009ed   Thumb Code    10  _printf_char_common.o(.text)
    .text                                    0x08000a1c   Section        0  _sputc.o(.text)
    .text                                    0x08000a28   Section        8  rt_locale_intlibspace.o(.text)
    .text                                    0x08000a30   Section      138  lludiv10.o(.text)
    .text                                    0x08000abc   Section        0  _printf_fp_infnan.o(.text)
    .text                                    0x08000b3c   Section        0  bigflt0.o(.text)
    .text                                    0x08000c20   Section        8  libspace.o(.text)
    .text                                    0x08000c28   Section       74  sys_stackheap_outer.o(.text)
    .text                                    0x08000c72   Section        0  exit.o(.text)
    .text                                    0x08000c88   Section      124  strcmpv7em.o(.text)
    .text                                    0x08000d04   Section        0  sys_exit.o(.text)
    .text                                    0x08000d10   Section        2  use_no_semi.o(.text)
    [Anonymous Symbol]                       0x08000d12   Section        0  stm32f4xx_it.o(.text.BusFault_Handler)
    .text                                    0x08000d12   Section        0  indicate_semi.o(.text)
    [Anonymous Symbol]                       0x08000d14   Section        0  stm32f4xx_it.o(.text.DebugMon_Handler)
    [Anonymous Symbol]                       0x08000d18   Section        0  stm32f4xx_hal_adc.o(.text.HAL_ADC_ConfigChannel)
    [Anonymous Symbol]                       0x08000e0c   Section        0  stm32f4xx_hal_adc.o(.text.HAL_ADC_GetValue)
    [Anonymous Symbol]                       0x08000e14   Section        0  stm32f4xx_hal_adc.o(.text.HAL_ADC_Init)
    __arm_cp.0_0                             0x08000f4c   Number         4  stm32f4xx_hal_adc.o(.text.HAL_ADC_Init)
    __arm_cp.0_1                             0x08000f50   Number         4  stm32f4xx_hal_adc.o(.text.HAL_ADC_Init)
    __arm_cp.0_2                             0x08000f54   Number         4  stm32f4xx_hal_adc.o(.text.HAL_ADC_Init)
    __arm_cp.0_3                             0x08000f58   Number         4  stm32f4xx_hal_adc.o(.text.HAL_ADC_Init)
    [Anonymous Symbol]                       0x08000f5c   Section        0  stm32f4xx_hal_msp.o(.text.HAL_ADC_MspInit)
    __arm_cp.1_1                             0x08000fb8   Number         4  stm32f4xx_hal_msp.o(.text.HAL_ADC_MspInit)
    [Anonymous Symbol]                       0x08000fbc   Section        0  stm32f4xx_hal_adc.o(.text.HAL_ADC_PollForConversion)
    [Anonymous Symbol]                       0x08001070   Section        0  stm32f4xx_hal_adc.o(.text.HAL_ADC_Start)
    __arm_cp.4_0                             0x08001138   Number         4  stm32f4xx_hal_adc.o(.text.HAL_ADC_Start)
    __arm_cp.4_1                             0x0800113c   Number         4  stm32f4xx_hal_adc.o(.text.HAL_ADC_Start)
    __arm_cp.4_2                             0x08001140   Number         4  stm32f4xx_hal_adc.o(.text.HAL_ADC_Start)
    [Anonymous Symbol]                       0x08001144   Section        0  stm32f4xx_hal_adc.o(.text.HAL_ADC_Stop)
    [Anonymous Symbol]                       0x08001180   Section        0  stm32f4xx_hal.o(.text.HAL_Delay)
    [Anonymous Symbol]                       0x080011a0   Section        0  stm32f4xx_hal_gpio.o(.text.HAL_GPIO_Init)
    __arm_cp.0_0                             0x08001324   Number         4  stm32f4xx_hal_gpio.o(.text.HAL_GPIO_Init)
    __arm_cp.0_1                             0x08001328   Number         4  stm32f4xx_hal_gpio.o(.text.HAL_GPIO_Init)
    __arm_cp.0_2                             0x0800132c   Number         4  stm32f4xx_hal_gpio.o(.text.HAL_GPIO_Init)
    __arm_cp.0_3                             0x08001330   Number         4  stm32f4xx_hal_gpio.o(.text.HAL_GPIO_Init)
    __arm_cp.0_4                             0x08001334   Number         4  stm32f4xx_hal_gpio.o(.text.HAL_GPIO_Init)
    __arm_cp.0_5                             0x08001338   Number         4  stm32f4xx_hal_gpio.o(.text.HAL_GPIO_Init)
    __arm_cp.0_6                             0x0800133c   Number         4  stm32f4xx_hal_gpio.o(.text.HAL_GPIO_Init)
    [Anonymous Symbol]                       0x08001340   Section        0  stm32f4xx_hal.o(.text.HAL_GetTick)
    [Anonymous Symbol]                       0x08001348   Section        0  stm32f4xx_hal.o(.text.HAL_IncTick)
    [Anonymous Symbol]                       0x08001354   Section        0  stm32f4xx_hal.o(.text.HAL_Init)
    __arm_cp.0_0                             0x08001384   Number         4  stm32f4xx_hal.o(.text.HAL_Init)
    [Anonymous Symbol]                       0x08001388   Section        0  stm32f4xx_hal.o(.text.HAL_InitTick)
    __arm_cp.1_0                             0x080013c0   Number         4  stm32f4xx_hal.o(.text.HAL_InitTick)
    __arm_cp.1_1                             0x080013c4   Number         4  stm32f4xx_hal.o(.text.HAL_InitTick)
    [Anonymous Symbol]                       0x080013c8   Section        0  stm32f4xx_hal_msp.o(.text.HAL_MspInit)
    __arm_cp.0_0                             0x080013fc   Number         4  stm32f4xx_hal_msp.o(.text.HAL_MspInit)
    [Anonymous Symbol]                       0x08001400   Section        0  stm32f4xx_hal_cortex.o(.text.HAL_NVIC_SetPriority)
    __arm_cp.1_0                             0x08001454   Number         4  stm32f4xx_hal_cortex.o(.text.HAL_NVIC_SetPriority)
    [Anonymous Symbol]                       0x08001458   Section        0  stm32f4xx_hal_cortex.o(.text.HAL_NVIC_SetPriorityGrouping)
    __arm_cp.0_0                             0x08001470   Number         4  stm32f4xx_hal_cortex.o(.text.HAL_NVIC_SetPriorityGrouping)
    __arm_cp.0_1                             0x08001474   Number         4  stm32f4xx_hal_cortex.o(.text.HAL_NVIC_SetPriorityGrouping)
    [Anonymous Symbol]                       0x08001478   Section        0  stm32f4xx_hal_rcc.o(.text.HAL_RCC_ClockConfig)
    __arm_cp.2_0                             0x0800159c   Number         4  stm32f4xx_hal_rcc.o(.text.HAL_RCC_ClockConfig)
    __arm_cp.2_1                             0x080015a0   Number         4  stm32f4xx_hal_rcc.o(.text.HAL_RCC_ClockConfig)
    __arm_cp.2_3                             0x080015a4   Number         4  stm32f4xx_hal_rcc.o(.text.HAL_RCC_ClockConfig)
    [Anonymous Symbol]                       0x080015a8   Section        0  stm32f4xx_hal_rcc.o(.text.HAL_RCC_GetPCLK1Freq)
    [Anonymous Symbol]                       0x080015bc   Section        0  stm32f4xx_hal_rcc.o(.text.HAL_RCC_GetPCLK2Freq)
    __arm_cp.9_0                             0x080015d0   Number         4  stm32f4xx_hal_rcc.o(.text.HAL_RCC_GetPCLK2Freq)
    __arm_cp.9_1                             0x080015d4   Number         4  stm32f4xx_hal_rcc.o(.text.HAL_RCC_GetPCLK2Freq)
    __arm_cp.9_2                             0x080015d8   Number         4  stm32f4xx_hal_rcc.o(.text.HAL_RCC_GetPCLK2Freq)
    [Anonymous Symbol]                       0x080015dc   Section        0  stm32f4xx_hal_rcc.o(.text.HAL_RCC_GetSysClockFreq)
    __arm_cp.3_1                             0x08001630   Number         4  stm32f4xx_hal_rcc.o(.text.HAL_RCC_GetSysClockFreq)
    __arm_cp.3_2                             0x08001634   Number         4  stm32f4xx_hal_rcc.o(.text.HAL_RCC_GetSysClockFreq)
    [Anonymous Symbol]                       0x08001638   Section        0  stm32f4xx_hal_rcc.o(.text.HAL_RCC_OscConfig)
    __arm_cp.1_0                             0x08001994   Number         4  stm32f4xx_hal_rcc.o(.text.HAL_RCC_OscConfig)
    __arm_cp.1_1                             0x08001998   Number         4  stm32f4xx_hal_rcc.o(.text.HAL_RCC_OscConfig)
    __arm_cp.1_2                             0x0800199c   Number         4  stm32f4xx_hal_rcc.o(.text.HAL_RCC_OscConfig)
    __arm_cp.1_3                             0x080019a0   Number         4  stm32f4xx_hal_rcc.o(.text.HAL_RCC_OscConfig)
    [Anonymous Symbol]                       0x080019a4   Section        0  stm32f4xx_hal_cortex.o(.text.HAL_SYSTICK_Config)
    __arm_cp.6_0                             0x080019c4   Number         4  stm32f4xx_hal_cortex.o(.text.HAL_SYSTICK_Config)
    __arm_cp.6_1                             0x080019c8   Number         4  stm32f4xx_hal_cortex.o(.text.HAL_SYSTICK_Config)
    [Anonymous Symbol]                       0x080019cc   Section        0  stm32f4xx_hal_uart.o(.text.HAL_UART_Init)
    [Anonymous Symbol]                       0x08001a28   Section        0  stm32f4xx_hal_msp.o(.text.HAL_UART_MspInit)
    __arm_cp.3_0                             0x08001a8c   Number         4  stm32f4xx_hal_msp.o(.text.HAL_UART_MspInit)
    __arm_cp.3_1                             0x08001a90   Number         4  stm32f4xx_hal_msp.o(.text.HAL_UART_MspInit)
    [Anonymous Symbol]                       0x08001a94   Section        0  stm32f4xx_hal_uart.o(.text.HAL_UART_Transmit)
    [Anonymous Symbol]                       0x08001b4a   Section        0  stm32f4xx_it.o(.text.HardFault_Handler)
    [Anonymous Symbol]                       0x08001b4c   Section        0  stm32f4xx_it.o(.text.MemManage_Handler)
    [Anonymous Symbol]                       0x08001b4e   Section        0  stm32f4xx_it.o(.text.NMI_Handler)
    [Anonymous Symbol]                       0x08001b50   Section        0  stm32f4xx_it.o(.text.PendSV_Handler)
    [Anonymous Symbol]                       0x08001b54   Section        0  main.o(.text.Read_ADC_OSC)
    __arm_cp.1_0                             0x08001b7c   Number         4  main.o(.text.Read_ADC_OSC)
    [Anonymous Symbol]                       0x08001b80   Section        0  stm32f4xx_it.o(.text.SVC_Handler)
    [Anonymous Symbol]                       0x08001b82   Section        0  stm32f4xx_it.o(.text.SysTick_Handler)
    [Anonymous Symbol]                       0x08001b88   Section        0  main.o(.text.SystemClock_Config)
    __arm_cp.11_0                            0x08001c10   Number         4  main.o(.text.SystemClock_Config)
    __arm_cp.11_1                            0x08001c14   Number         4  main.o(.text.SystemClock_Config)
    [Anonymous Symbol]                       0x08001c18   Section        0  system_stm32f4xx.o(.text.SystemInit)
    __arm_cp.0_0                             0x08001c24   Number         4  system_stm32f4xx.o(.text.SystemInit)
    [Anonymous Symbol]                       0x08001c28   Section        0  stm32f4xx_hal_uart.o(.text.UART_SetConfig)
    UART_SetConfig                           0x08001c29   Thumb Code   204  stm32f4xx_hal_uart.o(.text.UART_SetConfig)
    __arm_cp.2_0                             0x08001cf0   Number         4  stm32f4xx_hal_uart.o(.text.UART_SetConfig)
    [Anonymous Symbol]                       0x08001cf4   Section        0  stm32f4xx_hal_uart.o(.text.UART_WaitOnFlagUntilTimeout)
    UART_WaitOnFlagUntilTimeout              0x08001cf5   Thumb Code   110  stm32f4xx_hal_uart.o(.text.UART_WaitOnFlagUntilTimeout)
    [Anonymous Symbol]                       0x08001d62   Section        0  stm32f4xx_it.o(.text.UsageFault_Handler)
    [Anonymous Symbol]                       0x08001d64   Section        0  main.o(.text.dtmf_detect)
    __arm_cp.9_1                             0x08001ea0   Number         4  main.o(.text.dtmf_detect)
    __arm_cp.9_17                            0x08001ee0   Number         4  main.o(.text.dtmf_detect)
    [Anonymous Symbol]                       0x08001f08   Section        0  main.o(.text.endLine)
    [Anonymous Symbol]                       0x08001f14   Section        0  main.o(.text.error)
    [Anonymous Symbol]                       0x08001f38   Section        0  main.o(.text.goertzel)
    [Anonymous Symbol]                       0x08001f84   Section        0  main.o(.text.logNum)
    [Anonymous Symbol]                       0x08001fb8   Section        0  main.o(.text.logStr)
    [Anonymous Symbol]                       0x08001fd4   Section        0  main.o(.text.main)
    __arm_cp.10_0                            0x080020c0   Number         4  main.o(.text.main)
    __arm_cp.10_1                            0x080020c4   Number         4  main.o(.text.main)
    __arm_cp.10_2                            0x080020c8   Number         4  main.o(.text.main)
    __arm_cp.10_3                            0x080020cc   Number         4  main.o(.text.main)
    __arm_cp.10_4                            0x080020d0   Number         4  main.o(.text.main)
    __arm_cp.10_5                            0x080020d4   Number         4  main.o(.text.main)
    __arm_cp.10_6                            0x080020d8   Number         4  main.o(.text.main)
    [Anonymous Symbol]                       0x080020f0   Section        0  main.o(.text.sample)
    __arm_cp.6_3                             0x08002170   Number         4  main.o(.text.sample)
    [Anonymous Symbol]                       0x08002174   Section        0  main.o(.text.segment)
    CL$$btod_d2e                             0x080021e8   Section       62  btod.o(CL$$btod_d2e)
    CL$$btod_d2e_denorm_low                  0x08002226   Section       70  btod.o(CL$$btod_d2e_denorm_low)
    CL$$btod_d2e_norm_op1                    0x0800226c   Section       96  btod.o(CL$$btod_d2e_norm_op1)
    CL$$btod_div_common                      0x080022cc   Section      824  btod.o(CL$$btod_div_common)
    CL$$btod_e2e                             0x08002604   Section      220  btod.o(CL$$btod_e2e)
    CL$$btod_ediv                            0x080026e0   Section       42  btod.o(CL$$btod_ediv)
    CL$$btod_emul                            0x0800270a   Section       42  btod.o(CL$$btod_emul)
    CL$$btod_mult_common                     0x08002734   Section      580  btod.o(CL$$btod_mult_common)
    i.__ARM_fpclassify                       0x08002978   Section        0  fpclassify.o(i.__ARM_fpclassify)
    locale$$code                             0x080029a8   Section       44  lc_numeric_c.o(locale$$code)
    x$fpl$d2f                                0x080029d4   Section       98  d2f.o(x$fpl$d2f)
    $v0                                      0x080029d4   Number         0  d2f.o(x$fpl$d2f)
    x$fpl$dadd                               0x08002a38   Section      336  daddsub_clz.o(x$fpl$dadd)
    $v0                                      0x08002a38   Number         0  daddsub_clz.o(x$fpl$dadd)
    _dadd1                                   0x08002a49   Thumb Code     0  daddsub_clz.o(x$fpl$dadd)
    x$fpl$ddiv                               0x08002b88   Section      688  ddiv.o(x$fpl$ddiv)
    $v0                                      0x08002b88   Number         0  ddiv.o(x$fpl$ddiv)
    ddiv_entry                               0x08002b8f   Thumb Code     0  ddiv.o(x$fpl$ddiv)
    x$fpl$dmul                               0x08002e38   Section      340  dmul.o(x$fpl$dmul)
    $v0                                      0x08002e38   Number         0  dmul.o(x$fpl$dmul)
    x$fpl$dnaninf                            0x08002f8c   Section      156  dnaninf.o(x$fpl$dnaninf)
    $v0                                      0x08002f8c   Number         0  dnaninf.o(x$fpl$dnaninf)
    x$fpl$dretinf                            0x08003028   Section       12  dretinf.o(x$fpl$dretinf)
    $v0                                      0x08003028   Number         0  dretinf.o(x$fpl$dretinf)
    x$fpl$dsub                               0x08003034   Section      468  daddsub_clz.o(x$fpl$dsub)
    $v0                                      0x08003034   Number         0  daddsub_clz.o(x$fpl$dsub)
    _dsub1                                   0x08003045   Thumb Code     0  daddsub_clz.o(x$fpl$dsub)
    x$fpl$f2d                                0x08003208   Section       86  f2d.o(x$fpl$f2d)
    $v0                                      0x08003208   Number         0  f2d.o(x$fpl$f2d)
    x$fpl$fnaninf                            0x0800325e   Section      140  fnaninf.o(x$fpl$fnaninf)
    $v0                                      0x0800325e   Number         0  fnaninf.o(x$fpl$fnaninf)
    x$fpl$fpinit                             0x080032ea   Section       10  fpinit.o(x$fpl$fpinit)
    $v0                                      0x080032ea   Number         0  fpinit.o(x$fpl$fpinit)
    x$fpl$fretinf                            0x080032f4   Section       10  fretinf.o(x$fpl$fretinf)
    $v0                                      0x080032f4   Number         0  fretinf.o(x$fpl$fretinf)
    x$fpl$printf1                            0x080032fe   Section        4  printf1.o(x$fpl$printf1)
    $v0                                      0x080032fe   Number         0  printf1.o(x$fpl$printf1)
    x$fpl$usenofp                            0x08003302   Section        0  usenofp.o(x$fpl$usenofp)
    .constdata                               0x08003304   Section      148  bigflt0.o(.constdata)
    tenpwrs_x                                0x08003304   Data          60  bigflt0.o(.constdata)
    tenpwrs_i                                0x08003340   Data          64  bigflt0.o(.constdata)
    locale$$data                             0x080033d0   Section       28  lc_numeric_c.o(locale$$data)
    __lcnum_c_name                           0x080033d4   Data           2  lc_numeric_c.o(locale$$data)
    __lcnum_c_start                          0x080033dc   Data           0  lc_numeric_c.o(locale$$data)
    __lcnum_c_point                          0x080033e8   Data           0  lc_numeric_c.o(locale$$data)
    __lcnum_c_thousands                      0x080033ea   Data           0  lc_numeric_c.o(locale$$data)
    __lcnum_c_grouping                       0x080033eb   Data           0  lc_numeric_c.o(locale$$data)
    __lcnum_c_end                            0x080033ec   Data           0  lc_numeric_c.o(locale$$data)
    [Anonymous Symbol]                       0x20000000   Section        0  main.o(.data..L_MergedGlobals)
    [Anonymous Symbol]                       0x20000054   Section        0  stm32f4xx_hal.o(.data..L_MergedGlobals)
    .bss                                     0x20000070   Section       96  libspace.o(.bss)
    [Anonymous Symbol]                       0x200000d0   Section        0  main.o(.bss..L_MergedGlobals.8)
    HEAP                                     0x200002e0   Section      512  startup_stm32f401xe.o(HEAP)
    Heap_Mem                                 0x200002e0   Data         512  startup_stm32f401xe.o(HEAP)
    STACK                                    0x200004e0   Section     1024  startup_stm32f401xe.o(STACK)
    Stack_Mem                                0x200004e0   Data        1024  startup_stm32f401xe.o(STACK)
    __initial_sp                             0x200008e0   Data           0  startup_stm32f401xe.o(STACK)

    Global Symbols

    Symbol Name                              Value     Ov Type        Size  Object(Section)

    BuildAttributes$$THM_ISAv4$E$P$D$K$B$S$7EM$VFPi3$EXTD16$VFPS$VFMA$PE$A:L22UL41UL21$X:L11$S22US41US21$IEEE1$IW$~IW$USESV6$~STKCKD$USESV7$~SHL$OTIME$ROPI$IEEEJ$EBA8$UX$STANDARDLIB$REQ8$PRES8$EABIv2 0x00000000   Number         0  anon$$obj.o ABSOLUTE
    __ARM_exceptions_init                     - Undefined Weak Reference
    __alloca_initialize                       - Undefined Weak Reference
    __arm_preinit_                            - Undefined Weak Reference
    __cpp_initialize__aeabi_                  - Undefined Weak Reference
    __cxa_finalize                            - Undefined Weak Reference
    __sigvec_lookup                           - Undefined Weak Reference
    _atexit_init                              - Undefined Weak Reference
    _call_atexit_fns                          - Undefined Weak Reference
    _clock_init                               - Undefined Weak Reference
    _fp_trap_init                             - Undefined Weak Reference
    _fp_trap_shutdown                         - Undefined Weak Reference
    _get_lc_collate                           - Undefined Weak Reference
    _get_lc_ctype                             - Undefined Weak Reference
    _get_lc_monetary                          - Undefined Weak Reference
    _get_lc_time                              - Undefined Weak Reference
    _getenv_init                              - Undefined Weak Reference
    _handle_redirection                       - Undefined Weak Reference
    _init_alloc                               - Undefined Weak Reference
    _init_user_alloc                          - Undefined Weak Reference
    _initio                                   - Undefined Weak Reference
    _printf_post_padding                      - Undefined Weak Reference
    _printf_pre_padding                       - Undefined Weak Reference
    _printf_truncate_signed                   - Undefined Weak Reference
    _printf_truncate_unsigned                 - Undefined Weak Reference
    _rand_init                                - Undefined Weak Reference
    _signal_finish                            - Undefined Weak Reference
    _signal_init                              - Undefined Weak Reference
    _terminate_alloc                          - Undefined Weak Reference
    _terminate_user_alloc                     - Undefined Weak Reference
    _terminateio                              - Undefined Weak Reference
    __Vectors_Size                           0x00000194   Number         0  startup_stm32f401xe.o ABSOLUTE
    __Vectors                                0x08000000   Data           4  startup_stm32f401xe.o(RESET)
    __Vectors_End                            0x08000194   Data           0  startup_stm32f401xe.o(RESET)
    __main                                   0x08000195   Thumb Code     8  __main.o(!!!main)
    __scatterload                            0x0800019d   Thumb Code     0  __scatter.o(!!!scatter)
    __scatterload_rt2                        0x0800019d   Thumb Code    44  __scatter.o(!!!scatter)
    __scatterload_rt2_thumb_only             0x0800019d   Thumb Code     0  __scatter.o(!!!scatter)
    __scatterload_null                       0x080001ab   Thumb Code     0  __scatter.o(!!!scatter)
    __scatterload_copy                       0x080001d1   Thumb Code    26  __scatter_copy.o(!!handler_copy)
    __scatterload_zeroinit                   0x080001ed   Thumb Code    28  __scatter_zi.o(!!handler_zi)
    _printf_f                                0x08000209   Thumb Code     0  _printf_f.o(.ARM.Collect$$_printf_percent$$00000003)
    _printf_percent                          0x08000209   Thumb Code     0  _printf_percent.o(.ARM.Collect$$_printf_percent$$00000000)
    _printf_u                                0x0800020f   Thumb Code     0  _printf_u.o(.ARM.Collect$$_printf_percent$$0000000A)
    _printf_percent_end                      0x08000215   Thumb Code     0  _printf_percent_end.o(.ARM.Collect$$_printf_percent$$00000017)
    __rt_lib_init                            0x08000219   Thumb Code     0  libinit.o(.ARM.Collect$$libinit$$00000000)
    __rt_lib_init_fp_1                       0x0800021b   Thumb Code     0  libinit2.o(.ARM.Collect$$libinit$$00000001)
    __rt_lib_init_heap_1                     0x0800021f   Thumb Code     0  libinit2.o(.ARM.Collect$$libinit$$0000000A)
    __rt_lib_init_lc_common                  0x0800021f   Thumb Code     0  libinit2.o(.ARM.Collect$$libinit$$0000000F)
    __rt_lib_init_preinit_1                  0x0800021f   Thumb Code     0  libinit2.o(.ARM.Collect$$libinit$$00000004)
    __rt_lib_init_rand_1                     0x0800021f   Thumb Code     0  libinit2.o(.ARM.Collect$$libinit$$0000000E)
    __rt_lib_init_user_alloc_1               0x0800021f   Thumb Code     0  libinit2.o(.ARM.Collect$$libinit$$0000000C)
    __rt_lib_init_lc_collate_1               0x08000225   Thumb Code     0  libinit2.o(.ARM.Collect$$libinit$$00000011)
    __rt_lib_init_lc_ctype_1                 0x08000225   Thumb Code     0  libinit2.o(.ARM.Collect$$libinit$$00000013)
    __rt_lib_init_lc_monetary_1              0x08000225   Thumb Code     0  libinit2.o(.ARM.Collect$$libinit$$00000015)
    __rt_lib_init_lc_numeric_2               0x08000225   Thumb Code     0  libinit2.o(.ARM.Collect$$libinit$$00000016)
    __rt_lib_init_alloca_1                   0x0800022f   Thumb Code     0  libinit2.o(.ARM.Collect$$libinit$$0000002E)
    __rt_lib_init_argv_1                     0x0800022f   Thumb Code     0  libinit2.o(.ARM.Collect$$libinit$$0000002C)
    __rt_lib_init_atexit_1                   0x0800022f   Thumb Code     0  libinit2.o(.ARM.Collect$$libinit$$0000001B)
    __rt_lib_init_clock_1                    0x0800022f   Thumb Code     0  libinit2.o(.ARM.Collect$$libinit$$00000021)
    __rt_lib_init_cpp_1                      0x0800022f   Thumb Code     0  libinit2.o(.ARM.Collect$$libinit$$00000032)
    __rt_lib_init_exceptions_1               0x0800022f   Thumb Code     0  libinit2.o(.ARM.Collect$$libinit$$00000030)
    __rt_lib_init_fp_trap_1                  0x0800022f   Thumb Code     0  libinit2.o(.ARM.Collect$$libinit$$0000001F)
    __rt_lib_init_getenv_1                   0x0800022f   Thumb Code     0  libinit2.o(.ARM.Collect$$libinit$$00000023)
    __rt_lib_init_lc_numeric_1               0x0800022f   Thumb Code     0  libinit2.o(.ARM.Collect$$libinit$$00000017)
    __rt_lib_init_lc_time_1                  0x0800022f   Thumb Code     0  libinit2.o(.ARM.Collect$$libinit$$00000019)
    __rt_lib_init_return                     0x0800022f   Thumb Code     0  libinit2.o(.ARM.Collect$$libinit$$00000033)
    __rt_lib_init_signal_1                   0x0800022f   Thumb Code     0  libinit2.o(.ARM.Collect$$libinit$$0000001D)
    __rt_lib_init_stdio_1                    0x0800022f   Thumb Code     0  libinit2.o(.ARM.Collect$$libinit$$00000025)
    __rt_lib_shutdown                        0x08000231   Thumb Code     0  libshutdown.o(.ARM.Collect$$libshutdown$$00000000)
    __rt_lib_shutdown_cpp_1                  0x08000233   Thumb Code     0  libshutdown2.o(.ARM.Collect$$libshutdown$$00000002)
    __rt_lib_shutdown_fp_trap_1              0x08000233   Thumb Code     0  libshutdown2.o(.ARM.Collect$$libshutdown$$00000007)
    __rt_lib_shutdown_heap_1                 0x08000233   Thumb Code     0  libshutdown2.o(.ARM.Collect$$libshutdown$$0000000F)
    __rt_lib_shutdown_return                 0x08000233   Thumb Code     0  libshutdown2.o(.ARM.Collect$$libshutdown$$00000010)
    __rt_lib_shutdown_signal_1               0x08000233   Thumb Code     0  libshutdown2.o(.ARM.Collect$$libshutdown$$0000000A)
    __rt_lib_shutdown_stdio_1                0x08000233   Thumb Code     0  libshutdown2.o(.ARM.Collect$$libshutdown$$00000004)
    __rt_lib_shutdown_user_alloc_1           0x08000233   Thumb Code     0  libshutdown2.o(.ARM.Collect$$libshutdown$$0000000C)
    __rt_entry                               0x08000235   Thumb Code     0  __rtentry.o(.ARM.Collect$$rtentry$$00000000)
    __rt_entry_presh_1                       0x08000235   Thumb Code     0  __rtentry2.o(.ARM.Collect$$rtentry$$00000002)
    __rt_entry_sh                            0x08000235   Thumb Code     0  __rtentry4.o(.ARM.Collect$$rtentry$$00000004)
    __rt_entry_li                            0x0800023b   Thumb Code     0  __rtentry2.o(.ARM.Collect$$rtentry$$0000000A)
    __rt_entry_postsh_1                      0x0800023b   Thumb Code     0  __rtentry2.o(.ARM.Collect$$rtentry$$00000009)
    __rt_entry_main                          0x0800023f   Thumb Code     0  __rtentry2.o(.ARM.Collect$$rtentry$$0000000D)
    __rt_entry_postli_1                      0x0800023f   Thumb Code     0  __rtentry2.o(.ARM.Collect$$rtentry$$0000000C)
    __rt_exit                                0x08000247   Thumb Code     0  rtexit.o(.ARM.Collect$$rtexit$$00000000)
    __rt_exit_ls                             0x08000249   Thumb Code     0  rtexit2.o(.ARM.Collect$$rtexit$$00000003)
    __rt_exit_prels_1                        0x08000249   Thumb Code     0  rtexit2.o(.ARM.Collect$$rtexit$$00000002)
    __rt_exit_exit                           0x0800024d   Thumb Code     0  rtexit2.o(.ARM.Collect$$rtexit$$00000004)
    Reset_Handler                            0x08000255   Thumb Code     8  startup_stm32f401xe.o(.text)
    ADC_IRQHandler                           0x0800026f   Thumb Code     0  startup_stm32f401xe.o(.text)
    DMA1_Stream0_IRQHandler                  0x0800026f   Thumb Code     0  startup_stm32f401xe.o(.text)
    DMA1_Stream1_IRQHandler                  0x0800026f   Thumb Code     0  startup_stm32f401xe.o(.text)
    DMA1_Stream2_IRQHandler                  0x0800026f   Thumb Code     0  startup_stm32f401xe.o(.text)
    DMA1_Stream3_IRQHandler                  0x0800026f   Thumb Code     0  startup_stm32f401xe.o(.text)
    DMA1_Stream4_IRQHandler                  0x0800026f   Thumb Code     0  startup_stm32f401xe.o(.text)
    DMA1_Stream5_IRQHandler                  0x0800026f   Thumb Code     0  startup_stm32f401xe.o(.text)
    DMA1_Stream6_IRQHandler                  0x0800026f   Thumb Code     0  startup_stm32f401xe.o(.text)
    DMA1_Stream7_IRQHandler                  0x0800026f   Thumb Code     0  startup_stm32f401xe.o(.text)
    DMA2_Stream0_IRQHandler                  0x0800026f   Thumb Code     0  startup_stm32f401xe.o(.text)
    DMA2_Stream1_IRQHandler                  0x0800026f   Thumb Code     0  startup_stm32f401xe.o(.text)
    DMA2_Stream2_IRQHandler                  0x0800026f   Thumb Code     0  startup_stm32f401xe.o(.text)
    DMA2_Stream3_IRQHandler                  0x0800026f   Thumb Code     0  startup_stm32f401xe.o(.text)
    DMA2_Stream4_IRQHandler                  0x0800026f   Thumb Code     0  startup_stm32f401xe.o(.text)
    DMA2_Stream5_IRQHandler                  0x0800026f   Thumb Code     0  startup_stm32f401xe.o(.text)
    DMA2_Stream6_IRQHandler                  0x0800026f   Thumb Code     0  startup_stm32f401xe.o(.text)
    DMA2_Stream7_IRQHandler                  0x0800026f   Thumb Code     0  startup_stm32f401xe.o(.text)
    EXTI0_IRQHandler                         0x0800026f   Thumb Code     0  startup_stm32f401xe.o(.text)
    EXTI15_10_IRQHandler                     0x0800026f   Thumb Code     0  startup_stm32f401xe.o(.text)
    EXTI1_IRQHandler                         0x0800026f   Thumb Code     0  startup_stm32f401xe.o(.text)
    EXTI2_IRQHandler                         0x0800026f   Thumb Code     0  startup_stm32f401xe.o(.text)
    EXTI3_IRQHandler                         0x0800026f   Thumb Code     0  startup_stm32f401xe.o(.text)
    EXTI4_IRQHandler                         0x0800026f   Thumb Code     0  startup_stm32f401xe.o(.text)
    EXTI9_5_IRQHandler                       0x0800026f   Thumb Code     0  startup_stm32f401xe.o(.text)
    FLASH_IRQHandler                         0x0800026f   Thumb Code     0  startup_stm32f401xe.o(.text)
    FPU_IRQHandler                           0x0800026f   Thumb Code     0  startup_stm32f401xe.o(.text)
    I2C1_ER_IRQHandler                       0x0800026f   Thumb Code     0  startup_stm32f401xe.o(.text)
    I2C1_EV_IRQHandler                       0x0800026f   Thumb Code     0  startup_stm32f401xe.o(.text)
    I2C2_ER_IRQHandler                       0x0800026f   Thumb Code     0  startup_stm32f401xe.o(.text)
    I2C2_EV_IRQHandler                       0x0800026f   Thumb Code     0  startup_stm32f401xe.o(.text)
    I2C3_ER_IRQHandler                       0x0800026f   Thumb Code     0  startup_stm32f401xe.o(.text)
    I2C3_EV_IRQHandler                       0x0800026f   Thumb Code     0  startup_stm32f401xe.o(.text)
    OTG_FS_IRQHandler                        0x0800026f   Thumb Code     0  startup_stm32f401xe.o(.text)
    OTG_FS_WKUP_IRQHandler                   0x0800026f   Thumb Code     0  startup_stm32f401xe.o(.text)
    PVD_IRQHandler                           0x0800026f   Thumb Code     0  startup_stm32f401xe.o(.text)
    RCC_IRQHandler                           0x0800026f   Thumb Code     0  startup_stm32f401xe.o(.text)
    RTC_Alarm_IRQHandler                     0x0800026f   Thumb Code     0  startup_stm32f401xe.o(.text)
    RTC_WKUP_IRQHandler                      0x0800026f   Thumb Code     0  startup_stm32f401xe.o(.text)
    SDIO_IRQHandler                          0x0800026f   Thumb Code     0  startup_stm32f401xe.o(.text)
    SPI1_IRQHandler                          0x0800026f   Thumb Code     0  startup_stm32f401xe.o(.text)
    SPI2_IRQHandler                          0x0800026f   Thumb Code     0  startup_stm32f401xe.o(.text)
    SPI3_IRQHandler                          0x0800026f   Thumb Code     0  startup_stm32f401xe.o(.text)
    SPI4_IRQHandler                          0x0800026f   Thumb Code     0  startup_stm32f401xe.o(.text)
    TAMP_STAMP_IRQHandler                    0x0800026f   Thumb Code     0  startup_stm32f401xe.o(.text)
    TIM1_BRK_TIM9_IRQHandler                 0x0800026f   Thumb Code     0  startup_stm32f401xe.o(.text)
    TIM1_CC_IRQHandler                       0x0800026f   Thumb Code     0  startup_stm32f401xe.o(.text)
    TIM1_TRG_COM_TIM11_IRQHandler            0x0800026f   Thumb Code     0  startup_stm32f401xe.o(.text)
    TIM1_UP_TIM10_IRQHandler                 0x0800026f   Thumb Code     0  startup_stm32f401xe.o(.text)
    TIM2_IRQHandler                          0x0800026f   Thumb Code     0  startup_stm32f401xe.o(.text)
    TIM3_IRQHandler                          0x0800026f   Thumb Code     0  startup_stm32f401xe.o(.text)
    TIM4_IRQHandler                          0x0800026f   Thumb Code     0  startup_stm32f401xe.o(.text)
    TIM5_IRQHandler                          0x0800026f   Thumb Code     0  startup_stm32f401xe.o(.text)
    USART1_IRQHandler                        0x0800026f   Thumb Code     0  startup_stm32f401xe.o(.text)
    USART2_IRQHandler                        0x0800026f   Thumb Code     0  startup_stm32f401xe.o(.text)
    USART6_IRQHandler                        0x0800026f   Thumb Code     0  startup_stm32f401xe.o(.text)
    WWDG_IRQHandler                          0x0800026f   Thumb Code     0  startup_stm32f401xe.o(.text)
    __user_initial_stackheap                 0x08000271   Thumb Code     0  startup_stm32f401xe.o(.text)
    __aeabi_uldivmod                         0x08000295   Thumb Code     0  lludivv7m.o(.text)
    _ll_udiv                                 0x08000295   Thumb Code   238  lludivv7m.o(.text)
    __2sprintf                               0x08000385   Thumb Code    34  noretval__2sprintf.o(.text)
    __printf                                 0x080003ad   Thumb Code   104  __printf.o(.text)
    _printf_int_dec                          0x08000415   Thumb Code   104  _printf_dec.o(.text)
    strlen                                   0x0800048d   Thumb Code    62  strlen.o(.text)
    __aeabi_memclr4                          0x080004cb   Thumb Code     0  rt_memclr_w.o(.text)
    __aeabi_memclr8                          0x080004cb   Thumb Code     0  rt_memclr_w.o(.text)
    __rt_memclr_w                            0x080004cb   Thumb Code    78  rt_memclr_w.o(.text)
    _memset_w                                0x080004cf   Thumb Code     0  rt_memclr_w.o(.text)
    __use_two_region_memory                  0x08000519   Thumb Code     2  heapauxi.o(.text)
    __rt_heap_escrow$2region                 0x0800051b   Thumb Code     2  heapauxi.o(.text)
    __rt_heap_expand$2region                 0x0800051d   Thumb Code     2  heapauxi.o(.text)
    _printf_int_common                       0x0800051f   Thumb Code   178  _printf_intcommon.o(.text)
    _printf_fp_dec_real                      0x08000781   Thumb Code   620  _printf_fp_dec.o(.text)
    _printf_char_common                      0x080009f7   Thumb Code    32  _printf_char_common.o(.text)
    _sputc                                   0x08000a1d   Thumb Code    10  _sputc.o(.text)
    __rt_locale                              0x08000a29   Thumb Code     8  rt_locale_intlibspace.o(.text)
    _ll_udiv10                               0x08000a31   Thumb Code   138  lludiv10.o(.text)
    _printf_fp_infnan                        0x08000abd   Thumb Code   112  _printf_fp_infnan.o(.text)
    _btod_etento                             0x08000b3d   Thumb Code   224  bigflt0.o(.text)
    __user_libspace                          0x08000c21   Thumb Code     8  libspace.o(.text)
    __user_perproc_libspace                  0x08000c21   Thumb Code     0  libspace.o(.text)
    __user_perthread_libspace                0x08000c21   Thumb Code     0  libspace.o(.text)
    __user_setup_stackheap                   0x08000c29   Thumb Code    74  sys_stackheap_outer.o(.text)
    exit                                     0x08000c73   Thumb Code    18  exit.o(.text)
    strcmp                                   0x08000c89   Thumb Code   124  strcmpv7em.o(.text)
    _sys_exit                                0x08000d05   Thumb Code     8  sys_exit.o(.text)
    __I$use$semihosting                      0x08000d11   Thumb Code     0  use_no_semi.o(.text)
    __use_no_semihosting_swi                 0x08000d11   Thumb Code     2  use_no_semi.o(.text)
    BusFault_Handler                         0x08000d13   Thumb Code     2  stm32f4xx_it.o(.text.BusFault_Handler)
    __semihosting_library_function           0x08000d13   Thumb Code     0  indicate_semi.o(.text)
    DebugMon_Handler                         0x08000d15   Thumb Code     2  stm32f4xx_it.o(.text.DebugMon_Handler)
    HAL_ADC_ConfigChannel                    0x08000d19   Thumb Code   256  stm32f4xx_hal_adc.o(.text.HAL_ADC_ConfigChannel)
    HAL_ADC_GetValue                         0x08000e0d   Thumb Code     6  stm32f4xx_hal_adc.o(.text.HAL_ADC_GetValue)
    HAL_ADC_Init                             0x08000e15   Thumb Code   328  stm32f4xx_hal_adc.o(.text.HAL_ADC_Init)
    HAL_ADC_MspInit                          0x08000f5d   Thumb Code   100  stm32f4xx_hal_msp.o(.text.HAL_ADC_MspInit)
    HAL_ADC_PollForConversion                0x08000fbd   Thumb Code   178  stm32f4xx_hal_adc.o(.text.HAL_ADC_PollForConversion)
    HAL_ADC_Start                            0x08001071   Thumb Code   212  stm32f4xx_hal_adc.o(.text.HAL_ADC_Start)
    HAL_ADC_Stop                             0x08001145   Thumb Code    60  stm32f4xx_hal_adc.o(.text.HAL_ADC_Stop)
    HAL_Delay                                0x08001181   Thumb Code    36  stm32f4xx_hal.o(.text.HAL_Delay)
    HAL_GPIO_Init                            0x080011a1   Thumb Code   416  stm32f4xx_hal_gpio.o(.text.HAL_GPIO_Init)
    HAL_GetTick                              0x08001341   Thumb Code    12  stm32f4xx_hal.o(.text.HAL_GetTick)
    HAL_IncTick                              0x08001349   Thumb Code    16  stm32f4xx_hal.o(.text.HAL_IncTick)
    HAL_Init                                 0x08001355   Thumb Code    52  stm32f4xx_hal.o(.text.HAL_Init)
    HAL_InitTick                             0x08001389   Thumb Code    64  stm32f4xx_hal.o(.text.HAL_InitTick)
    HAL_MspInit                              0x080013c9   Thumb Code    56  stm32f4xx_hal_msp.o(.text.HAL_MspInit)
    HAL_NVIC_SetPriority                     0x08001401   Thumb Code    92  stm32f4xx_hal_cortex.o(.text.HAL_NVIC_SetPriority)
    HAL_NVIC_SetPriorityGrouping             0x08001459   Thumb Code    32  stm32f4xx_hal_cortex.o(.text.HAL_NVIC_SetPriorityGrouping)
    HAL_RCC_ClockConfig                      0x08001479   Thumb Code   308  stm32f4xx_hal_rcc.o(.text.HAL_RCC_ClockConfig)
    HAL_RCC_GetPCLK1Freq                     0x080015a9   Thumb Code    32  stm32f4xx_hal_rcc.o(.text.HAL_RCC_GetPCLK1Freq)
    HAL_RCC_GetPCLK2Freq                     0x080015bd   Thumb Code    32  stm32f4xx_hal_rcc.o(.text.HAL_RCC_GetPCLK2Freq)
    HAL_RCC_GetSysClockFreq                  0x080015dd   Thumb Code    96  stm32f4xx_hal_rcc.o(.text.HAL_RCC_GetSysClockFreq)
    HAL_RCC_OscConfig                        0x08001639   Thumb Code   876  stm32f4xx_hal_rcc.o(.text.HAL_RCC_OscConfig)
    HAL_SYSTICK_Config                       0x080019a5   Thumb Code    40  stm32f4xx_hal_cortex.o(.text.HAL_SYSTICK_Config)
    HAL_UART_Init                            0x080019cd   Thumb Code    92  stm32f4xx_hal_uart.o(.text.HAL_UART_Init)
    HAL_UART_MspInit                         0x08001a29   Thumb Code   108  stm32f4xx_hal_msp.o(.text.HAL_UART_MspInit)
    HAL_UART_Transmit                        0x08001a95   Thumb Code   182  stm32f4xx_hal_uart.o(.text.HAL_UART_Transmit)
    HardFault_Handler                        0x08001b4b   Thumb Code     2  stm32f4xx_it.o(.text.HardFault_Handler)
    MemManage_Handler                        0x08001b4d   Thumb Code     2  stm32f4xx_it.o(.text.MemManage_Handler)
    NMI_Handler                              0x08001b4f   Thumb Code     2  stm32f4xx_it.o(.text.NMI_Handler)
    PendSV_Handler                           0x08001b51   Thumb Code     2  stm32f4xx_it.o(.text.PendSV_Handler)
    Read_ADC_OSC                             0x08001b55   Thumb Code    44  main.o(.text.Read_ADC_OSC)
    SVC_Handler                              0x08001b81   Thumb Code     2  stm32f4xx_it.o(.text.SVC_Handler)
    SysTick_Handler                          0x08001b83   Thumb Code     4  stm32f4xx_it.o(.text.SysTick_Handler)
    SystemClock_Config                       0x08001b89   Thumb Code   144  main.o(.text.SystemClock_Config)
    SystemInit                               0x08001c19   Thumb Code    16  system_stm32f4xx.o(.text.SystemInit)
    UsageFault_Handler                       0x08001d63   Thumb Code     2  stm32f4xx_it.o(.text.UsageFault_Handler)
    dtmf_detect                              0x08001d65   Thumb Code   420  main.o(.text.dtmf_detect)
    endLine                                  0x08001f09   Thumb Code    12  main.o(.text.endLine)
    error                                    0x08001f15   Thumb Code    36  main.o(.text.error)
    goertzel                                 0x08001f39   Thumb Code    80  main.o(.text.goertzel)
    logNum                                   0x08001f85   Thumb Code    56  main.o(.text.logNum)
    logStr                                   0x08001fb9   Thumb Code    32  main.o(.text.logStr)
    main                                     0x08001fd5   Thumb Code   284  main.o(.text.main)
    sample                                   0x080020f1   Thumb Code   132  main.o(.text.sample)
    segment                                  0x08002175   Thumb Code   116  main.o(.text.segment)
    _btod_d2e                                0x080021e9   Thumb Code    62  btod.o(CL$$btod_d2e)
    _d2e_denorm_low                          0x08002227   Thumb Code    70  btod.o(CL$$btod_d2e_denorm_low)
    _d2e_norm_op1                            0x0800226d   Thumb Code    96  btod.o(CL$$btod_d2e_norm_op1)
    __btod_div_common                        0x080022cd   Thumb Code   696  btod.o(CL$$btod_div_common)
    _e2e                                     0x08002605   Thumb Code   220  btod.o(CL$$btod_e2e)
    _btod_ediv                               0x080026e1   Thumb Code    42  btod.o(CL$$btod_ediv)
    _btod_emul                               0x0800270b   Thumb Code    42  btod.o(CL$$btod_emul)
    __btod_mult_common                       0x08002735   Thumb Code   580  btod.o(CL$$btod_mult_common)
    __ARM_fpclassify                         0x08002979   Thumb Code    48  fpclassify.o(i.__ARM_fpclassify)
    _get_lc_numeric                          0x080029a9   Thumb Code    44  lc_numeric_c.o(locale$$code)
    __aeabi_d2f                              0x080029d5   Thumb Code     0  d2f.o(x$fpl$d2f)
    _d2f                                     0x080029d5   Thumb Code    98  d2f.o(x$fpl$d2f)
    __aeabi_dadd                             0x08002a39   Thumb Code     0  daddsub_clz.o(x$fpl$dadd)
    _dadd                                    0x08002a39   Thumb Code   332  daddsub_clz.o(x$fpl$dadd)
    __aeabi_ddiv                             0x08002b89   Thumb Code     0  ddiv.o(x$fpl$ddiv)
    _ddiv                                    0x08002b89   Thumb Code   552  ddiv.o(x$fpl$ddiv)
    __aeabi_dmul                             0x08002e39   Thumb Code     0  dmul.o(x$fpl$dmul)
    _dmul                                    0x08002e39   Thumb Code   332  dmul.o(x$fpl$dmul)
    __fpl_dnaninf                            0x08002f8d   Thumb Code   156  dnaninf.o(x$fpl$dnaninf)
    __fpl_dretinf                            0x08003029   Thumb Code    12  dretinf.o(x$fpl$dretinf)
    __aeabi_dsub                             0x08003035   Thumb Code     0  daddsub_clz.o(x$fpl$dsub)
    _dsub                                    0x08003035   Thumb Code   464  daddsub_clz.o(x$fpl$dsub)
    __aeabi_f2d                              0x08003209   Thumb Code     0  f2d.o(x$fpl$f2d)
    _f2d                                     0x08003209   Thumb Code    86  f2d.o(x$fpl$f2d)
    __fpl_fnaninf                            0x0800325f   Thumb Code   140  fnaninf.o(x$fpl$fnaninf)
    _fp_init                                 0x080032eb   Thumb Code    10  fpinit.o(x$fpl$fpinit)
    __fplib_config_fpu_vfp                   0x080032f3   Thumb Code     0  fpinit.o(x$fpl$fpinit)
    __fplib_config_pureend_doubles           0x080032f3   Thumb Code     0  fpinit.o(x$fpl$fpinit)
    __fpl_fretinf                            0x080032f5   Thumb Code    10  fretinf.o(x$fpl$fretinf)
    _printf_fp_dec                           0x080032ff   Thumb Code     4  printf1.o(x$fpl$printf1)
    __I$use$fp                               0x08003302   Number         0  usenofp.o(x$fpl$usenofp)
    AHBPrescTable                            0x08003398   Data          16  system_stm32f4xx.o(.rodata.AHBPrescTable)
    APBPrescTable                            0x080033a8   Data           8  system_stm32f4xx.o(.rodata.APBPrescTable)
    Region$$Table$$Base                      0x080033b0   Number         0  anon$$obj.o(Region$$Table)
    Region$$Table$$Limit                     0x080033d0   Number         0  anon$$obj.o(Region$$Table)
    digits                                   0x20000000   Data          16  main.o(.data..L_MergedGlobals)
    huart2                                   0x20000010   Data          68  main.o(.data..L_MergedGlobals)
    uwTickFreq                               0x20000054   Data           1  stm32f4xx_hal.o(.data..L_MergedGlobals)
    uwTickPrio                               0x20000058   Data           4  stm32f4xx_hal.o(.data..L_MergedGlobals)
    uwTick                                   0x2000005c   Data           4  stm32f4xx_hal.o(.data..L_MergedGlobals)
    SystemCoreClock                          0x20000060   Data           4  system_stm32f4xx.o(.data.SystemCoreClock)
    __libspace_start                         0x20000070   Data          96  libspace.o(.bss)
    __temporary_stack_top$libspace           0x200000d0   Data           0  libspace.o(.bss)
    hadc1                                    0x200000d0   Data          72  main.o(.bss..L_MergedGlobals.8)
    samples                                  0x20000118   Data         456  main.o(.bss.samples)



==============================================================================

Memory Map of the image

  Image Entry point : 0x08000195

  Load Region LR_IROM1 (Base: 0x08000000, Size: 0x00003460, Max: 0x00080000, ABSOLUTE)

    Execution Region ER_IROM1 (Exec base: 0x08000000, Load base: 0x08000000, Size: 0x000033ec, Max: 0x00080000, ABSOLUTE)

    Exec Addr    Load Addr    Size         Type   Attr      Idx    E Section Name        Object

    0x08000000   0x08000000   0x00000194   Data   RO            3    RESET               startup_stm32f401xe.o
    0x08000194   0x08000194   0x00000008   Code   RO          838  * !!!main             c_w.l(__main.o)
    0x0800019c   0x0800019c   0x00000034   Code   RO         1100    !!!scatter          c_w.l(__scatter.o)
    0x080001d0   0x080001d0   0x0000001a   Code   RO         1102    !!handler_copy      c_w.l(__scatter_copy.o)
    0x080001ea   0x080001ea   0x00000002   PAD
    0x080001ec   0x080001ec   0x0000001c   Code   RO         1104    !!handler_zi        c_w.l(__scatter_zi.o)
    0x08000208   0x08000208   0x00000000   Code   RO          831    .ARM.Collect$$_printf_percent$$00000000  c_w.l(_printf_percent.o)
    0x08000208   0x08000208   0x00000006   Code   RO          830    .ARM.Collect$$_printf_percent$$00000003  c_w.l(_printf_f.o)
    0x0800020e   0x0800020e   0x00000006   Code   RO          829    .ARM.Collect$$_printf_percent$$0000000A  c_w.l(_printf_u.o)
    0x08000214   0x08000214   0x00000004   Code   RO          873    .ARM.Collect$$_printf_percent$$00000017  c_w.l(_printf_percent_end.o)
    0x08000218   0x08000218   0x00000002   Code   RO          965    .ARM.Collect$$libinit$$00000000  c_w.l(libinit.o)
    0x0800021a   0x0800021a   0x00000004   Code   RO          966    .ARM.Collect$$libinit$$00000001  c_w.l(libinit2.o)
    0x0800021e   0x0800021e   0x00000000   Code   RO          969    .ARM.Collect$$libinit$$00000004  c_w.l(libinit2.o)
    0x0800021e   0x0800021e   0x00000000   Code   RO          972    .ARM.Collect$$libinit$$0000000A  c_w.l(libinit2.o)
    0x0800021e   0x0800021e   0x00000000   Code   RO          974    .ARM.Collect$$libinit$$0000000C  c_w.l(libinit2.o)
    0x0800021e   0x0800021e   0x00000000   Code   RO          976    .ARM.Collect$$libinit$$0000000E  c_w.l(libinit2.o)
    0x0800021e   0x0800021e   0x00000006   Code   RO          977    .ARM.Collect$$libinit$$0000000F  c_w.l(libinit2.o)
    0x08000224   0x08000224   0x00000000   Code   RO          979    .ARM.Collect$$libinit$$00000011  c_w.l(libinit2.o)
    0x08000224   0x08000224   0x00000000   Code   RO          981    .ARM.Collect$$libinit$$00000013  c_w.l(libinit2.o)
    0x08000224   0x08000224   0x00000000   Code   RO          983    .ARM.Collect$$libinit$$00000015  c_w.l(libinit2.o)
    0x08000224   0x08000224   0x0000000a   Code   RO          984    .ARM.Collect$$libinit$$00000016  c_w.l(libinit2.o)
    0x0800022e   0x0800022e   0x00000000   Code   RO          985    .ARM.Collect$$libinit$$00000017  c_w.l(libinit2.o)
    0x0800022e   0x0800022e   0x00000000   Code   RO          987    .ARM.Collect$$libinit$$00000019  c_w.l(libinit2.o)
    0x0800022e   0x0800022e   0x00000000   Code   RO          989    .ARM.Collect$$libinit$$0000001B  c_w.l(libinit2.o)
    0x0800022e   0x0800022e   0x00000000   Code   RO          991    .ARM.Collect$$libinit$$0000001D  c_w.l(libinit2.o)
    0x0800022e   0x0800022e   0x00000000   Code   RO          993    .ARM.Collect$$libinit$$0000001F  c_w.l(libinit2.o)
    0x0800022e   0x0800022e   0x00000000   Code   RO          995    .ARM.Collect$$libinit$$00000021  c_w.l(libinit2.o)
    0x0800022e   0x0800022e   0x00000000   Code   RO          997    .ARM.Collect$$libinit$$00000023  c_w.l(libinit2.o)
    0x0800022e   0x0800022e   0x00000000   Code   RO          999    .ARM.Collect$$libinit$$00000025  c_w.l(libinit2.o)
    0x0800022e   0x0800022e   0x00000000   Code   RO         1003    .ARM.Collect$$libinit$$0000002C  c_w.l(libinit2.o)
    0x0800022e   0x0800022e   0x00000000   Code   RO         1005    .ARM.Collect$$libinit$$0000002E  c_w.l(libinit2.o)
    0x0800022e   0x0800022e   0x00000000   Code   RO         1007    .ARM.Collect$$libinit$$00000030  c_w.l(libinit2.o)
    0x0800022e   0x0800022e   0x00000000   Code   RO         1009    .ARM.Collect$$libinit$$00000032  c_w.l(libinit2.o)
    0x0800022e   0x0800022e   0x00000002   Code   RO         1010    .ARM.Collect$$libinit$$00000033  c_w.l(libinit2.o)
    0x08000230   0x08000230   0x00000002   Code   RO         1065    .ARM.Collect$$libshutdown$$00000000  c_w.l(libshutdown.o)
    0x08000232   0x08000232   0x00000000   Code   RO         1083    .ARM.Collect$$libshutdown$$00000002  c_w.l(libshutdown2.o)
    0x08000232   0x08000232   0x00000000   Code   RO         1085    .ARM.Collect$$libshutdown$$00000004  c_w.l(libshutdown2.o)
    0x08000232   0x08000232   0x00000000   Code   RO         1088    .ARM.Collect$$libshutdown$$00000007  c_w.l(libshutdown2.o)
    0x08000232   0x08000232   0x00000000   Code   RO         1091    .ARM.Collect$$libshutdown$$0000000A  c_w.l(libshutdown2.o)
    0x08000232   0x08000232   0x00000000   Code   RO         1093    .ARM.Collect$$libshutdown$$0000000C  c_w.l(libshutdown2.o)
    0x08000232   0x08000232   0x00000000   Code   RO         1096    .ARM.Collect$$libshutdown$$0000000F  c_w.l(libshutdown2.o)
    0x08000232   0x08000232   0x00000002   Code   RO         1097    .ARM.Collect$$libshutdown$$00000010  c_w.l(libshutdown2.o)
    0x08000234   0x08000234   0x00000000   Code   RO          858    .ARM.Collect$$rtentry$$00000000  c_w.l(__rtentry.o)
    0x08000234   0x08000234   0x00000000   Code   RO          884    .ARM.Collect$$rtentry$$00000002  c_w.l(__rtentry2.o)
    0x08000234   0x08000234   0x00000006   Code   RO          896    .ARM.Collect$$rtentry$$00000004  c_w.l(__rtentry4.o)
    0x0800023a   0x0800023a   0x00000000   Code   RO          886    .ARM.Collect$$rtentry$$00000009  c_w.l(__rtentry2.o)
    0x0800023a   0x0800023a   0x00000004   Code   RO          887    .ARM.Collect$$rtentry$$0000000A  c_w.l(__rtentry2.o)
    0x0800023e   0x0800023e   0x00000000   Code   RO          889    .ARM.Collect$$rtentry$$0000000C  c_w.l(__rtentry2.o)
    0x0800023e   0x0800023e   0x00000008   Code   RO          890    .ARM.Collect$$rtentry$$0000000D  c_w.l(__rtentry2.o)
    0x08000246   0x08000246   0x00000002   Code   RO         1011    .ARM.Collect$$rtexit$$00000000  c_w.l(rtexit.o)
    0x08000248   0x08000248   0x00000000   Code   RO         1030    .ARM.Collect$$rtexit$$00000002  c_w.l(rtexit2.o)
    0x08000248   0x08000248   0x00000004   Code   RO         1031    .ARM.Collect$$rtexit$$00000003  c_w.l(rtexit2.o)
    0x0800024c   0x0800024c   0x00000006   Code   RO         1032    .ARM.Collect$$rtexit$$00000004  c_w.l(rtexit2.o)
    0x08000252   0x08000252   0x00000002   PAD
    0x08000254   0x08000254   0x00000040   Code   RO            4    .text               startup_stm32f401xe.o
    0x08000294   0x08000294   0x000000ee   Code   RO          799    .text               c_w.l(lludivv7m.o)
    0x08000382   0x08000382   0x00000002   PAD
    0x08000384   0x08000384   0x00000028   Code   RO          803    .text               c_w.l(noretval__2sprintf.o)
    0x080003ac   0x080003ac   0x00000068   Code   RO          805    .text               c_w.l(__printf.o)
    0x08000414   0x08000414   0x00000078   Code   RO          807    .text               c_w.l(_printf_dec.o)
    0x0800048c   0x0800048c   0x0000003e   Code   RO          832    .text               c_w.l(strlen.o)
    0x080004ca   0x080004ca   0x0000004e   Code   RO          834    .text               c_w.l(rt_memclr_w.o)
    0x08000518   0x08000518   0x00000006   Code   RO          836    .text               c_w.l(heapauxi.o)
    0x0800051e   0x0800051e   0x000000b2   Code   RO          863    .text               c_w.l(_printf_intcommon.o)
    0x080005d0   0x080005d0   0x0000041c   Code   RO          865    .text               c_w.l(_printf_fp_dec.o)
    0x080009ec   0x080009ec   0x00000030   Code   RO          869    .text               c_w.l(_printf_char_common.o)
    0x08000a1c   0x08000a1c   0x0000000a   Code   RO          871    .text               c_w.l(_sputc.o)
    0x08000a26   0x08000a26   0x00000002   PAD
    0x08000a28   0x08000a28   0x00000008   Code   RO          903    .text               c_w.l(rt_locale_intlibspace.o)
    0x08000a30   0x08000a30   0x0000008a   Code   RO          905    .text               c_w.l(lludiv10.o)
    0x08000aba   0x08000aba   0x00000002   PAD
    0x08000abc   0x08000abc   0x00000080   Code   RO          907    .text               c_w.l(_printf_fp_infnan.o)
    0x08000b3c   0x08000b3c   0x000000e4   Code   RO          911    .text               c_w.l(bigflt0.o)
    0x08000c20   0x08000c20   0x00000008   Code   RO          945    .text               c_w.l(libspace.o)
    0x08000c28   0x08000c28   0x0000004a   Code   RO          948    .text               c_w.l(sys_stackheap_outer.o)
    0x08000c72   0x08000c72   0x00000012   Code   RO          952    .text               c_w.l(exit.o)
    0x08000c84   0x08000c84   0x00000004   PAD
    0x08000c88   0x08000c88   0x0000007c   Code   RO          958    .text               c_w.l(strcmpv7em.o)
    0x08000d04   0x08000d04   0x0000000c   Code   RO         1025    .text               c_w.l(sys_exit.o)
    0x08000d10   0x08000d10   0x00000002   Code   RO         1052    .text               c_w.l(use_no_semi.o)
    0x08000d12   0x08000d12   0x00000000   Code   RO         1054    .text               c_w.l(indicate_semi.o)
    0x08000d12   0x08000d12   0x00000002   Code   RO           58    .text.BusFault_Handler  stm32f4xx_it.o
    0x08000d14   0x08000d14   0x00000002   Code   RO           64    .text.DebugMon_Handler  stm32f4xx_it.o
    0x08000d16   0x08000d16   0x00000002   PAD
    0x08000d18   0x08000d18   0x000000f4   Code   RO          143    .text.HAL_ADC_ConfigChannel  stm32f4xx_hal_adc.o
    0x08000e0c   0x08000e0c   0x00000006   Code   RO          139    .text.HAL_ADC_GetValue  stm32f4xx_hal_adc.o
    0x08000e12   0x08000e12   0x00000002   PAD
    0x08000e14   0x08000e14   0x00000148   Code   RO          101    .text.HAL_ADC_Init  stm32f4xx_hal_adc.o
    0x08000f5c   0x08000f5c   0x00000060   Code   RO           82    .text.HAL_ADC_MspInit  stm32f4xx_hal_msp.o
    0x08000fbc   0x08000fbc   0x000000b2   Code   RO          113    .text.HAL_ADC_PollForConversion  stm32f4xx_hal_adc.o
    0x0800106e   0x0800106e   0x00000002   PAD
    0x08001070   0x08001070   0x000000d4   Code   RO          109    .text.HAL_ADC_Start  stm32f4xx_hal_adc.o
    0x08001144   0x08001144   0x0000003c   Code   RO          111    .text.HAL_ADC_Stop  stm32f4xx_hal_adc.o
    0x08001180   0x08001180   0x00000020   Code   RO          574    .text.HAL_Delay     stm32f4xx_hal.o
    0x080011a0   0x080011a0   0x000001a0   Code   RO          346    .text.HAL_GPIO_Init  stm32f4xx_hal_gpio.o
    0x08001340   0x08001340   0x00000008   Code   RO          566    .text.HAL_GetTick   stm32f4xx_hal.o
    0x08001348   0x08001348   0x0000000c   Code   RO          564    .text.HAL_IncTick   stm32f4xx_hal.o
    0x08001354   0x08001354   0x00000034   Code   RO          554    .text.HAL_Init      stm32f4xx_hal.o
    0x08001388   0x08001388   0x00000040   Code   RO          556    .text.HAL_InitTick  stm32f4xx_hal.o
    0x080013c8   0x080013c8   0x00000038   Code   RO           80    .text.HAL_MspInit   stm32f4xx_hal_msp.o
    0x08001400   0x08001400   0x00000058   Code   RO          507    .text.HAL_NVIC_SetPriority  stm32f4xx_hal_cortex.o
    0x08001458   0x08001458   0x00000020   Code   RO          505    .text.HAL_NVIC_SetPriorityGrouping  stm32f4xx_hal_cortex.o
    0x08001478   0x08001478   0x00000130   Code   RO          208    .text.HAL_RCC_ClockConfig  stm32f4xx_hal_rcc.o
    0x080015a8   0x080015a8   0x00000014   Code   RO          220    .text.HAL_RCC_GetPCLK1Freq  stm32f4xx_hal_rcc.o
    0x080015bc   0x080015bc   0x00000020   Code   RO          222    .text.HAL_RCC_GetPCLK2Freq  stm32f4xx_hal_rcc.o
    0x080015dc   0x080015dc   0x0000005c   Code   RO          210    .text.HAL_RCC_GetSysClockFreq  stm32f4xx_hal_rcc.o
    0x08001638   0x08001638   0x0000036c   Code   RO          206    .text.HAL_RCC_OscConfig  stm32f4xx_hal_rcc.o
    0x080019a4   0x080019a4   0x00000028   Code   RO          517    .text.HAL_SYSTICK_Config  stm32f4xx_hal_cortex.o
    0x080019cc   0x080019cc   0x0000005c   Code   RO          651    .text.HAL_UART_Init  stm32f4xx_hal_uart.o
    0x08001a28   0x08001a28   0x0000006c   Code   RO           86    .text.HAL_UART_MspInit  stm32f4xx_hal_msp.o
    0x08001a94   0x08001a94   0x000000b6   Code   RO          667    .text.HAL_UART_Transmit  stm32f4xx_hal_uart.o
    0x08001b4a   0x08001b4a   0x00000002   Code   RO           54    .text.HardFault_Handler  stm32f4xx_it.o
    0x08001b4c   0x08001b4c   0x00000002   Code   RO           56    .text.MemManage_Handler  stm32f4xx_it.o
    0x08001b4e   0x08001b4e   0x00000002   Code   RO           52    .text.NMI_Handler   stm32f4xx_it.o
    0x08001b50   0x08001b50   0x00000002   Code   RO           66    .text.PendSV_Handler  stm32f4xx_it.o
    0x08001b52   0x08001b52   0x00000002   PAD
    0x08001b54   0x08001b54   0x0000002c   Code   RO           13    .text.Read_ADC_OSC  main.o
    0x08001b80   0x08001b80   0x00000002   Code   RO           62    .text.SVC_Handler   stm32f4xx_it.o
    0x08001b82   0x08001b82   0x00000004   Code   RO           68    .text.SysTick_Handler  stm32f4xx_it.o
    0x08001b86   0x08001b86   0x00000002   PAD
    0x08001b88   0x08001b88   0x00000090   Code   RO           33    .text.SystemClock_Config  main.o
    0x08001c18   0x08001c18   0x00000010   Code   RO          780    .text.SystemInit    system_stm32f4xx.o
    0x08001c28   0x08001c28   0x000000cc   Code   RO          655    .text.UART_SetConfig  stm32f4xx_hal_uart.o
    0x08001cf4   0x08001cf4   0x0000006e   Code   RO          669    .text.UART_WaitOnFlagUntilTimeout  stm32f4xx_hal_uart.o
    0x08001d62   0x08001d62   0x00000002   Code   RO           60    .text.UsageFault_Handler  stm32f4xx_it.o
    0x08001d64   0x08001d64   0x000001a4   Code   RO           29    .text.dtmf_detect   main.o
    0x08001f08   0x08001f08   0x0000000c   Code   RO           21    .text.endLine       main.o
    0x08001f14   0x08001f14   0x00000024   Code   RO           27    .text.error         main.o
    0x08001f38   0x08001f38   0x0000004c   Code   RO           25    .text.goertzel      main.o
    0x08001f84   0x08001f84   0x00000034   Code   RO           17    .text.logNum        main.o
    0x08001fb8   0x08001fb8   0x0000001c   Code   RO           15    .text.logStr        main.o
    0x08001fd4   0x08001fd4   0x0000011c   Code   RO           31    .text.main          main.o
    0x080020f0   0x080020f0   0x00000084   Code   RO           23    .text.sample        main.o
    0x08002174   0x08002174   0x00000074   Code   RO           11    .text.segment       main.o
    0x080021e8   0x080021e8   0x0000003e   Code   RO          914    CL$$btod_d2e        c_w.l(btod.o)
    0x08002226   0x08002226   0x00000046   Code   RO          916    CL$$btod_d2e_denorm_low  c_w.l(btod.o)
    0x0800226c   0x0800226c   0x00000060   Code   RO          915    CL$$btod_d2e_norm_op1  c_w.l(btod.o)
    0x080022cc   0x080022cc   0x00000338   Code   RO          924    CL$$btod_div_common  c_w.l(btod.o)
    0x08002604   0x08002604   0x000000dc   Code   RO          921    CL$$btod_e2e        c_w.l(btod.o)
    0x080026e0   0x080026e0   0x0000002a   Code   RO          918    CL$$btod_ediv       c_w.l(btod.o)
    0x0800270a   0x0800270a   0x0000002a   Code   RO          917    CL$$btod_emul       c_w.l(btod.o)
    0x08002734   0x08002734   0x00000244   Code   RO          923    CL$$btod_mult_common  c_w.l(btod.o)
    0x08002978   0x08002978   0x00000030   Code   RO          943    i.__ARM_fpclassify  m_wm.l(fpclassify.o)
    0x080029a8   0x080029a8   0x0000002c   Code   RO          939    locale$$code        c_w.l(lc_numeric_c.o)
    0x080029d4   0x080029d4   0x00000062   Code   RO          840    x$fpl$d2f           fz_wm.l(d2f.o)
    0x08002a36   0x08002a36   0x00000002   PAD
    0x08002a38   0x08002a38   0x00000150   Code   RO          842    x$fpl$dadd          fz_wm.l(daddsub_clz.o)
    0x08002b88   0x08002b88   0x000002b0   Code   RO          849    x$fpl$ddiv          fz_wm.l(ddiv.o)
    0x08002e38   0x08002e38   0x00000154   Code   RO          852    x$fpl$dmul          fz_wm.l(dmul.o)
    0x08002f8c   0x08002f8c   0x0000009c   Code   RO          874    x$fpl$dnaninf       fz_wm.l(dnaninf.o)
    0x08003028   0x08003028   0x0000000c   Code   RO          876    x$fpl$dretinf       fz_wm.l(dretinf.o)
    0x08003034   0x08003034   0x000001d4   Code   RO          844    x$fpl$dsub          fz_wm.l(daddsub_clz.o)
    0x08003208   0x08003208   0x00000056   Code   RO          854    x$fpl$f2d           fz_wm.l(f2d.o)
    0x0800325e   0x0800325e   0x0000008c   Code   RO          878    x$fpl$fnaninf       fz_wm.l(fnaninf.o)
    0x080032ea   0x080032ea   0x0000000a   Code   RO         1023    x$fpl$fpinit        fz_wm.l(fpinit.o)
    0x080032f4   0x080032f4   0x0000000a   Code   RO          880    x$fpl$fretinf       fz_wm.l(fretinf.o)
    0x080032fe   0x080032fe   0x00000004   Code   RO          856    x$fpl$printf1       fz_wm.l(printf1.o)
    0x08003302   0x08003302   0x00000000   Code   RO          882    x$fpl$usenofp       fz_wm.l(usenofp.o)
    0x08003302   0x08003302   0x00000002   PAD
    0x08003304   0x08003304   0x00000094   Data   RO          912    .constdata          c_w.l(bigflt0.o)
    0x08003398   0x08003398   0x00000010   Data   RO          785    .rodata.AHBPrescTable  system_stm32f4xx.o
    0x080033a8   0x080033a8   0x00000008   Data   RO          786    .rodata.APBPrescTable  system_stm32f4xx.o
    0x080033b0   0x080033b0   0x00000020   Data   RO         1098    Region$$Table       anon$$obj.o
    0x080033d0   0x080033d0   0x0000001c   Data   RO          938    locale$$data        c_w.l(lc_numeric_c.o)


    Execution Region RW_IRAM1 (Exec base: 0x20000000, Load base: 0x080033f0, Size: 0x000008e0, Max: 0x00018000, ABSOLUTE)

    Exec Addr    Load Addr    Size         Type   Attr      Idx    E Section Name        Object

    0x20000000   0x080033f0   0x00000054   Data   RW           39    .data..L_MergedGlobals  main.o
    0x20000054   0x08003444   0x0000000c   Data   RW          608    .data..L_MergedGlobals  stm32f4xx_hal.o
    0x20000060   0x08003450   0x00000004   Data   RW          784    .data.SystemCoreClock  system_stm32f4xx.o
    0x20000064   0x08003454   0x0000000c   PAD
    0x20000070        -       0x00000060   Zero   RW          946    .bss                c_w.l(libspace.o)
    0x200000d0        -       0x00000048   Zero   RW           40    .bss..L_MergedGlobals.8  main.o
    0x20000118        -       0x000001c8   Zero   RW           37    .bss.samples        main.o
    0x200002e0        -       0x00000200   Zero   RW            2    HEAP                startup_stm32f401xe.o
    0x200004e0        -       0x00000400   Zero   RW            1    STACK               startup_stm32f401xe.o


==============================================================================

Image component sizes


      Code (inc. data)   RO Data    RW Data    ZI Data      Debug   Object Name

      1344        252          0         84        528      11050   main.o
        64         26        404          0       1536        880   startup_stm32f401xe.o
       168         12          0         12          0       7681   stm32f4xx_hal.o
      1028         28          0          0          0      10647   stm32f4xx_hal_adc.o
       160         20          0          0          0      10046   stm32f4xx_hal_cortex.o
       416         28          0          0          0       5586   stm32f4xx_hal_gpio.o
       260         16          0          0          0       7042   stm32f4xx_hal_msp.o
      1324         48          0          0          0       7985   stm32f4xx_hal_rcc.o
       588          4          0          0          0      23640   stm32f4xx_hal_uart.o
        20          0          0          0          0       1277   stm32f4xx_it.o
        16          4         24          4          0       2869   system_stm32f4xx.o

    ----------------------------------------------------------------------
      5398        438        460        100       2076      88703   Object Totals
         0          0         32          0          0          0   (incl. Generated)
        10          0          0          0         12          0   (incl. Padding)

    ----------------------------------------------------------------------

      Code (inc. data)   RO Data    RW Data    ZI Data      Debug   Library Member Name

         8          0          0          0          0         68   __main.o
       104          0          0          0          0         84   __printf.o
         0          0          0          0          0          0   __rtentry.o
        12          0          0          0          0          0   __rtentry2.o
         6          0          0          0          0          0   __rtentry4.o
        52          8          0          0          0          0   __scatter.o
        26          0          0          0          0          0   __scatter_copy.o
        28          0          0          0          0          0   __scatter_zi.o
        48          6          0          0          0         96   _printf_char_common.o
       120         16          0          0          0         92   _printf_dec.o
         6          0          0          0          0          0   _printf_f.o
      1052          0          0          0          0        148   _printf_fp_dec.o
       128         16          0          0          0         84   _printf_fp_infnan.o
       178          0          0          0          0         88   _printf_intcommon.o
         0          0          0          0          0          0   _printf_percent.o
         4          0          0          0          0          0   _printf_percent_end.o
         6          0          0          0          0          0   _printf_u.o
        10          0          0          0          0         68   _sputc.o
       228          4        148          0          0         96   bigflt0.o
      1936        128          0          0          0        672   btod.o
        18          0          0          0          0         80   exit.o
         6          0          0          0          0        152   heapauxi.o
         0          0          0          0          0          0   indicate_semi.o
        44         10         28          0          0         76   lc_numeric_c.o
         2          0          0          0          0          0   libinit.o
        22          0          0          0          0          0   libinit2.o
         2          0          0          0          0          0   libshutdown.o
         2          0          0          0          0          0   libshutdown2.o
         8          4          0          0         96         68   libspace.o
       138          0          0          0          0         80   lludiv10.o
       238          0          0          0          0        100   lludivv7m.o
        40          6          0          0          0         84   noretval__2sprintf.o
         8          4          0          0          0         68   rt_locale_intlibspace.o
        78          0          0          0          0         80   rt_memclr_w.o
         2          0          0          0          0          0   rtexit.o
        10          0          0          0          0          0   rtexit2.o
       124          0          0          0          0         88   strcmpv7em.o
        62          0          0          0          0         76   strlen.o
        12          4          0          0          0         68   sys_exit.o
        74          0          0          0          0         80   sys_stackheap_outer.o
         2          0          0          0          0         68   use_no_semi.o
        98          4          0          0          0        140   d2f.o
       804         16          0          0          0        376   daddsub_clz.o
       688        140          0          0          0        264   ddiv.o
       340         12          0          0          0        152   dmul.o
       156          4          0          0          0        140   dnaninf.o
        12          0          0          0          0        116   dretinf.o
        86          4          0          0          0        132   f2d.o
       140          4          0          0          0        132   fnaninf.o
        10          0          0          0          0        116   fpinit.o
        10          0          0          0          0        116   fretinf.o
         4          0          0          0          0        116   printf1.o
         0          0          0          0          0          0   usenofp.o
        48          0          0          0          0        124   fpclassify.o

    ----------------------------------------------------------------------
      7258        390        176          0         96       4588   Library Totals
        18          0          0          0          0          0   (incl. Padding)

    ----------------------------------------------------------------------

      Code (inc. data)   RO Data    RW Data    ZI Data      Debug   Library Name

      4844        206        176          0         96       2664   c_w.l
      2348        184          0          0          0       1800   fz_wm.l
        48          0          0          0          0        124   m_wm.l

    ----------------------------------------------------------------------
      7258        390        176          0         96       4588   Library Totals

    ----------------------------------------------------------------------

==============================================================================


      Code (inc. data)   RO Data    RW Data    ZI Data      Debug   

     12656        828        636        100       2172      90643   Grand Totals
     12656        828        636        100       2172      90643   ELF Image Totals
     12656        828        636        100          0          0   ROM Totals

==============================================================================

    Total RO  Size (Code + RO Data)                13292 (  12.98kB)
    Total RW  Size (RW Data + ZI Data)              2272 (   2.22kB)
    Total ROM Size (Code + RO Data + RW Data)      13392 (  13.08kB)

==============================================================================

