<html>
<body>
<pre>
<h1>µVision Build Log</h1>
<h2>Tool Versions:</h2>
IDE-Version: µVision V5.25.2.0
Copyright (C) 2018 ARM Ltd and ARM Germany GmbH. All rights reserved.
License Information: Amir A, AA, LIC=HF856-DBKRY-C2DL6-D96YD-QN60M-DQA9N
 
Tool Versions:
Toolchain:       MDK-ARM Professional  Version: 5.25.2.0
Toolchain Path:  C:\Keil_v5\ARM\ARMCC\Bin
C Compiler:      Armcc.exe V5.06 update 6 (build 750)
Assembler:       Armasm.exe V5.06 update 6 (build 750)
Linker/Locator:  ArmLink.exe V5.06 update 6 (build 750)
Library Manager: ArmAr.exe V5.06 update 6 (build 750)
Hex Converter:   FromElf.exe V5.06 update 6 (build 750)
CPU DLL:         SARMCM3.DLL V5.25.2.0
Dialog DLL:      DCM.DLL V1.17.1.0
Target DLL:      STLink\ST-LINKIII-KEIL_SWO.dll V3.0.1.0
Dialog DLL:      TCM.DLL V1.35.1.0
 
<h2>Project:</h2>
C:\Users\AmirHossein\Desktop\Courses\pracs\Microprocessor\micro-p6\Cube\micro-p6\MDK-ARM\micro-p6.uvprojx
Project File Date:  04/20/2022

<h2>Output:</h2>
*** Using Compiler 'V5.06 update 6 (build 750)', folder: 'C:\Keil_v5\ARM\ARMCC\Bin'
Build target 'micro-p6'
compiling main.c...
../Core/Src/main.c(99): warning:  #1295-D: Deprecated declaration init_lcd - give arg types
  void init_lcd();
../Core/Src/main.c(101): warning:  #1295-D: Deprecated declaration clear_line_2 - give arg types
  void clear_line_2();
../Core/Src/main.c(110): warning:  #1295-D: Deprecated declaration clear_line_1 - give arg types
  void clear_line_1();
../Core/Src/main.c(112): warning:  #1295-D: Deprecated declaration loose - give arg types
  void loose();
../Core/Src/main.c(113): warning:  #1295-D: Deprecated declaration win - give arg types
  void win();
../Core/Src/main.c(114): warning:  #1295-D: Deprecated declaration showMisses - give arg types
  void showMisses();
../Core/Src/main.c(242): warning:  #111-D: statement is unreachable
  	return '0'; 
../Core/Src/main.c(258): warning:  #111-D: statement is unreachable
  	return 0; 
../Core/Src/main.c(369): warning:  #940-D: missing return statement at end of non-void function "clickedButton" 
  }
../Core/Src/main.c(448): warning:  #940-D: missing return statement at end of non-void function "randomColor" 
  }
../Core/Src/main.c: 10 warnings, 0 errors
linking...
Program Size: Code=9380 RO-data=460 RW-data=52 ZI-data=2108  
FromELF: creating hex file...
"micro-p6\micro-p6.axf" - 0 Error(s), 10 Warning(s).

<h2>Software Packages used:</h2>

Package Vendor: ARM
                http://www.keil.com/pack/ARM.CMSIS.5.3.0.pack
                ARM.CMSIS.5.3.0
                CMSIS (Cortex Microcontroller Software Interface Standard)
   * Component: CORE Version: 5.1.1

Package Vendor: Keil
                http://www.keil.com/pack/Keil.STM32F4xx_DFP.2.16.0.pack
                Keil.STM32F4xx_DFP.2.16.0
                STMicroelectronics STM32F4 Series Device Support, Drivers and Examples

<h2>Collection of Component include folders:</h2>
  .\RTE\_micro-p6
  C:\Keil_v5\ARM\PACK\ARM\CMSIS\5.3.0\CMSIS\Include
  C:\Keil_v5\ARM\PACK\Keil\STM32F4xx_DFP\2.16.0\Drivers\CMSIS\Device\ST\STM32F4xx\Include

<h2>Collection of Component Files used:</h2>

   * Component: ARM::CMSIS:CORE:5.1.1
Build Time Elapsed:  00:00:03
</pre>
</body>
</html>
