<html>
<body>
<pre>
<h1>µVision Build Log</h1>
<h2>Tool Versions:</h2>
IDE-Version: µVision V5.25.2.0
Copyright (C) 2018 ARM Ltd and ARM Germany GmbH. All rights reserved.
License Information: Amir A, AA, LIC=HF856-DBKRY-C2DL6-D96YD-QN60M-DQA9N
 
Tool Versions:
Toolchain:       MDK-ARM Professional  Version: 5.25.2.0
Toolchain Path:  C:\Keil_v5\ARM\ARMCC\Bin
C Compiler:      Armcc.exe V5.06 update 6 (build 750)
Assembler:       Armasm.exe V5.06 update 6 (build 750)
Linker/Locator:  ArmLink.exe V5.06 update 6 (build 750)
Library Manager: ArmAr.exe V5.06 update 6 (build 750)
Hex Converter:   FromElf.exe V5.06 update 6 (build 750)
CPU DLL:         SARMCM3.DLL V5.25.2.0
Dialog DLL:      DCM.DLL V1.17.1.0
Target DLL:      STLink\ST-LINKIII-KEIL_SWO.dll V3.0.1.0
Dialog DLL:      TCM.DLL V1.35.1.0
 
<h2>Project:</h2>
C:\Users\AmirHossein\Desktop\Courses\pracs\Microprocessor\micro-p5\cubemx\micro-p5\MDK-ARM\micro-p5.uvprojx
Project File Date:  05/30/2022

<h2>Output:</h2>
*** Using Compiler 'V5.06 update 6 (build 750)', folder: 'C:\Keil_v5\ARM\ARMCC\Bin'
Build target 'micro-p5'
compiling main.c...
../Core/Src/main.c(71): warning:  #1295-D: Deprecated declaration init_lcd - give arg types
  void init_lcd();
../Core/Src/main.c(73): warning:  #1295-D: Deprecated declaration clear_line_2 - give arg types
  void clear_line_2();
../Core/Src/main.c(84): warning:  #1295-D: Deprecated declaration clear_lcd - give arg types
  void clear_lcd();
../Core/Src/main.c(85): warning:  #1295-D: Deprecated declaration clear_line_1 - give arg types
  void clear_line_1();
../Core/Src/main.c(87): warning:  #1295-D: Deprecated declaration long_push - give arg types
  bool long_push();
../Core/Src/main.c(88): warning:  #1295-D: Deprecated declaration B3_clicked - give arg types
  bool B3_clicked();
../Core/Src/main.c(215): warning:  #1295-D: Deprecated declaration init_lcd - give arg types
  void init_lcd();
../Core/Src/main.c(217): warning:  #1295-D: Deprecated declaration clear_line_2 - give arg types
  void clear_line_2();
../Core/Src/main.c(228): warning:  #1295-D: Deprecated declaration clear_lcd - give arg types
  void clear_lcd();
../Core/Src/main.c(229): warning:  #1295-D: Deprecated declaration clear_line_1 - give arg types
  void clear_line_1();
../Core/Src/main.c(231): warning:  #1295-D: Deprecated declaration long_push - give arg types
  bool long_push();
../Core/Src/main.c(232): warning:  #1295-D: Deprecated declaration B3_clicked - give arg types
  bool B3_clicked();
../Core/Src/main.c(266): warning:  #188-D: enumerated type mixed with another type
      HAL_GPIO_WritePin(D4_GPIO, D4, data % 2);
../Core/Src/main.c(268): warning:  #188-D: enumerated type mixed with another type
      HAL_GPIO_WritePin(D5_GPIO, D5, data % 2);
../Core/Src/main.c(270): warning:  #188-D: enumerated type mixed with another type
      HAL_GPIO_WritePin(D6_GPIO, D6, data % 2);
../Core/Src/main.c(272): warning:  #188-D: enumerated type mixed with another type
      HAL_GPIO_WritePin(D7_GPIO, D7, data % 2);
../Core/Src/main.c(405): warning:  #111-D: statement is unreachable
  	return '0'; 
../Core/Src/main.c(421): warning:  #111-D: statement is unreachable
  	return 0; 
../Core/Src/main.c: 18 warnings, 0 errors
linking...
Program Size: Code=6156 RO-data=452 RW-data=24 ZI-data=1848  
FromELF: creating hex file...
"micro-p5\micro-p5.axf" - 0 Error(s), 18 Warning(s).

<h2>Software Packages used:</h2>

Package Vendor: ARM
                http://www.keil.com/pack/ARM.CMSIS.5.3.0.pack
                ARM.CMSIS.5.3.0
                CMSIS (Cortex Microcontroller Software Interface Standard)
   * Component: CORE Version: 5.1.1

Package Vendor: Keil
                http://www.keil.com/pack/Keil.STM32F4xx_DFP.2.16.0.pack
                Keil.STM32F4xx_DFP.2.16.0
                STMicroelectronics STM32F4 Series Device Support, Drivers and Examples

<h2>Collection of Component include folders:</h2>
  .\RTE\_micro-p5
  C:\Keil_v5\ARM\PACK\ARM\CMSIS\5.3.0\CMSIS\Include
  C:\Keil_v5\ARM\PACK\Keil\STM32F4xx_DFP\2.16.0\Drivers\CMSIS\Device\ST\STM32F4xx\Include

<h2>Collection of Component Files used:</h2>

   * Component: ARM::CMSIS:CORE:5.1.1
Build Time Elapsed:  00:00:02
</pre>
</body>
</html>
